Archive member included to satisfy reference by file (symbol)

/home/alex/GitHub/efm32-arduino-core/example/../../../../../tmp/arduino-core-cache/core_arduino_samd_mkr1000_dc483d40169dc536bb17e0212c5d8bd2.a(cortex_handlers.c.o)
                              (Reset_Handler)
/home/alex/GitHub/efm32-arduino-core/example/../../../../../tmp/arduino-core-cache/core_arduino_samd_mkr1000_dc483d40169dc536bb17e0212c5d8bd2.a(delay.c.o)
                              /home/alex/GitHub/efm32-arduino-core/example/sketch/example.ino.cpp.o (delay)
/home/alex/GitHub/efm32-arduino-core/example/../../../../../tmp/arduino-core-cache/core_arduino_samd_mkr1000_dc483d40169dc536bb17e0212c5d8bd2.a(hooks.c.o)
                              /home/alex/GitHub/efm32-arduino-core/example/../../../../../tmp/arduino-core-cache/core_arduino_samd_mkr1000_dc483d40169dc536bb17e0212c5d8bd2.a(delay.c.o) (yield)
/home/alex/GitHub/efm32-arduino-core/example/../../../../../tmp/arduino-core-cache/core_arduino_samd_mkr1000_dc483d40169dc536bb17e0212c5d8bd2.a(startup.c.o)
                              /home/alex/GitHub/efm32-arduino-core/example/../../../../../tmp/arduino-core-cache/core_arduino_samd_mkr1000_dc483d40169dc536bb17e0212c5d8bd2.a(cortex_handlers.c.o) (SystemInit)
/home/alex/GitHub/efm32-arduino-core/example/../../../../../tmp/arduino-core-cache/core_arduino_samd_mkr1000_dc483d40169dc536bb17e0212c5d8bd2.a(wiring.c.o)
                              /home/alex/GitHub/efm32-arduino-core/example/../../../../../tmp/arduino-core-cache/core_arduino_samd_mkr1000_dc483d40169dc536bb17e0212c5d8bd2.a(startup.c.o) (SystemCoreClock)
/home/alex/GitHub/efm32-arduino-core/example/../../../../../tmp/arduino-core-cache/core_arduino_samd_mkr1000_dc483d40169dc536bb17e0212c5d8bd2.a(wiring_analog.c.o)
                              /home/alex/GitHub/efm32-arduino-core/example/../../../../../tmp/arduino-core-cache/core_arduino_samd_mkr1000_dc483d40169dc536bb17e0212c5d8bd2.a(wiring.c.o) (analogReference)
/home/alex/GitHub/efm32-arduino-core/example/../../../../../tmp/arduino-core-cache/core_arduino_samd_mkr1000_dc483d40169dc536bb17e0212c5d8bd2.a(wiring_digital.c.o)
                              /home/alex/GitHub/efm32-arduino-core/example/sketch/example.ino.cpp.o (pinMode)
/home/alex/GitHub/efm32-arduino-core/example/../../../../../tmp/arduino-core-cache/core_arduino_samd_mkr1000_dc483d40169dc536bb17e0212c5d8bd2.a(wiring_private.c.o)
                              /home/alex/GitHub/efm32-arduino-core/example/../../../../../tmp/arduino-core-cache/core_arduino_samd_mkr1000_dc483d40169dc536bb17e0212c5d8bd2.a(wiring_analog.c.o) (pinPeripheral)
/home/alex/GitHub/efm32-arduino-core/example/../../../../../tmp/arduino-core-cache/core_arduino_samd_mkr1000_dc483d40169dc536bb17e0212c5d8bd2.a(Reset.cpp.o)
                              /home/alex/GitHub/efm32-arduino-core/example/../../../../../tmp/arduino-core-cache/core_arduino_samd_mkr1000_dc483d40169dc536bb17e0212c5d8bd2.a(delay.c.o) (tickReset)
/home/alex/GitHub/efm32-arduino-core/example/../../../../../tmp/arduino-core-cache/core_arduino_samd_mkr1000_dc483d40169dc536bb17e0212c5d8bd2.a(SERCOM.cpp.o)
                              /home/alex/GitHub/efm32-arduino-core/example/core/variant.cpp.o (SERCOM::SERCOM(Sercom*))
/home/alex/GitHub/efm32-arduino-core/example/../../../../../tmp/arduino-core-cache/core_arduino_samd_mkr1000_dc483d40169dc536bb17e0212c5d8bd2.a(Uart.cpp.o)
                              /home/alex/GitHub/efm32-arduino-core/example/core/variant.cpp.o (Uart::Uart(SERCOM*, unsigned char, unsigned char, SercomRXPad, SercomUartTXPad))
/home/alex/GitHub/efm32-arduino-core/example/../../../../../tmp/arduino-core-cache/core_arduino_samd_mkr1000_dc483d40169dc536bb17e0212c5d8bd2.a(main.cpp.o)
                              /home/alex/.arduino15/packages/arduino/tools/arm-none-eabi-gcc/7-2017q4/bin/../lib/gcc/arm-none-eabi/7.2.1/../../../../arm-none-eabi/lib/thumb/v6-m/crt0.o (main)
/home/alex/GitHub/efm32-arduino-core/example/../../../../../tmp/arduino-core-cache/core_arduino_samd_mkr1000_dc483d40169dc536bb17e0212c5d8bd2.a(Print.cpp.o)
                              /home/alex/GitHub/efm32-arduino-core/example/../../../../../tmp/arduino-core-cache/core_arduino_samd_mkr1000_dc483d40169dc536bb17e0212c5d8bd2.a(Uart.cpp.o) (Print::write(unsigned char const*, unsigned int))
/home/alex/GitHub/efm32-arduino-core/example/../../../../../tmp/arduino-core-cache/core_arduino_samd_mkr1000_dc483d40169dc536bb17e0212c5d8bd2.a(USBCore.cpp.o)
                              /home/alex/GitHub/efm32-arduino-core/example/../../../../../tmp/arduino-core-cache/core_arduino_samd_mkr1000_dc483d40169dc536bb17e0212c5d8bd2.a(main.cpp.o) (USBDeviceClass::init())
/home/alex/GitHub/efm32-arduino-core/example/../../../../../tmp/arduino-core-cache/core_arduino_samd_mkr1000_dc483d40169dc536bb17e0212c5d8bd2.a(abi.cpp.o)
[...]
Memory Configuration

Name             Origin             Length             Attributes
FLASH            0x0000000000002000 0x000000000003e000 xr
RAM              0x0000000020000000 0x0000000000008000 xrw
*default*        0x0000000000000000 0xffffffffffffffff

Linker script and memory map

LOAD /home/alex/.arduino15/packages/arduino/tools/arm-none-eabi-gcc/7-2017q4/bin/../lib/gcc/arm-none-eabi/7.2.1/thumb/v6-m/crti.o
LOAD /home/alex/.arduino15/packages/arduino/tools/arm-none-eabi-gcc/7-2017q4/bin/../lib/gcc/arm-none-eabi/7.2.1/thumb/v6-m/crtbegin.o
LOAD /home/alex/.arduino15/packages/arduino/tools/arm-none-eabi-gcc/7-2017q4/bin/../lib/gcc/arm-none-eabi/7.2.1/../../../../arm-none-eabi/lib/thumb/v6-m/crt0.o
LOAD /home/alex/GitHub/efm32-arduino-core/example/sketch/example.ino.cpp.o
LOAD /home/alex/GitHub/efm32-arduino-core/example/core/variant.cpp.o
START GROUP
LOAD /home/alex/.arduino15/packages/arduino/tools/CMSIS/4.5.0/CMSIS/Lib/GCC//libarm_cortexM0l_math.a
LOAD /home/alex/GitHub/efm32-arduino-core/example/../../../../../tmp/arduino-core-cache/core_arduino_samd_mkr1000_dc483d40169dc536bb17e0212c5d8bd2.a
END GROUP
LOAD /home/alex/.arduino15/packages/arduino/tools/arm-none-eabi-gcc/7-2017q4/bin/../lib/gcc/arm-none-eabi/7.2.1/../../../../arm-none-eabi/lib/thumb/v6-m/libstdc++_nano.a
LOAD /home/alex/.arduino15/packages/arduino/tools/arm-none-eabi-gcc/7-2017q4/bin/../lib/gcc/arm-none-eabi/7.2.1/../../../../arm-none-eabi/lib/thumb/v6-m/libm.a
START GROUP
LOAD /home/alex/.arduino15/packages/arduino/tools/arm-none-eabi-gcc/7-2017q4/bin/../lib/gcc/arm-none-eabi/7.2.1/thumb/v6-m/libgcc.a
LOAD /home/alex/.arduino15/packages/arduino/tools/arm-none-eabi-gcc/7-2017q4/bin/../lib/gcc/arm-none-eabi/7.2.1/../../../../arm-none-eabi/lib/thumb/v6-m/libc_nano.a
END GROUP
START GROUP
LOAD /home/alex/.arduino15/packages/arduino/tools/arm-none-eabi-gcc/7-2017q4/bin/../lib/gcc/arm-none-eabi/7.2.1/thumb/v6-m/libgcc.a
LOAD /home/alex/.arduino15/packages/arduino/tools/arm-none-eabi-gcc/7-2017q4/bin/../lib/gcc/arm-none-eabi/7.2.1/../../../../arm-none-eabi/lib/thumb/v6-m/libc_nano.a
LOAD /home/alex/.arduino15/packages/arduino/tools/arm-none-eabi-gcc/7-2017q4/bin/../lib/gcc/arm-none-eabi/7.2.1/../../../../arm-none-eabi/lib/thumb/v6-m/libnosys.a
END GROUP
START GROUP
LOAD /home/alex/.arduino15/packages/arduino/tools/arm-none-eabi-gcc/7-2017q4/bin/../lib/gcc/arm-none-eabi/7.2.1/thumb/v6-m/libgcc.a
LOAD /home/alex/.arduino15/packages/arduino/tools/arm-none-eabi-gcc/7-2017q4/bin/../lib/gcc/arm-none-eabi/7.2.1/../../../../arm-none-eabi/lib/thumb/v6-m/libc_nano.a
LOAD /home/alex/.arduino15/packages/arduino/tools/arm-none-eabi-gcc/7-2017q4/bin/../lib/gcc/arm-none-eabi/7.2.1/../../../../arm-none-eabi/lib/thumb/v6-m/libnosys.a
END GROUP
LOAD /home/alex/.arduino15/packages/arduino/tools/arm-none-eabi-gcc/7-2017q4/bin/../lib/gcc/arm-none-eabi/7.2.1/thumb/v6-m/crtend.o
LOAD /home/alex/.arduino15/packages/arduino/tools/arm-none-eabi-gcc/7-2017q4/bin/../lib/gcc/arm-none-eabi/7.2.1/thumb/v6-m/crtn.o

.text           0x0000000000002000     0x2b28
                0x0000000000002000                __text_start__ = .
 *(.sketch_boot)
                0x0000000000002000                . = ALIGN (0x2000)
 *(.isr_vector)
 .isr_vector    0x0000000000002000       0xb4 /home/alex/GitHub/efm32-arduino-core/example/../../../../../tmp/arduino-core-cache/core_arduino_samd_mkr1000_dc483d40169dc536bb17e0212c5d8bd2.a(cortex_handlers.c.o)
                0x0000000000002000                exception_table
 *(.text*)
 .text          0x00000000000020b4       0x48 /home/alex/.arduino15/packages/arduino/tools/arm-none-eabi-gcc/7-2017q4/bin/../lib/gcc/arm-none-eabi/7.2.1/thumb/v6-m/crtbegin.o
 .text.setup    0x00000000000020fc        0xc /home/alex/GitHub/efm32-arduino-core/example/sketch/example.ino.cpp.o
                0x00000000000020fc                setup
 .text.loop     0x0000000000002108       0x24 /home/alex/GitHub/efm32-arduino-core/example/sketch/example.ino.cpp.o
                0x0000000000002108                loop
 .text.SERCOM5_Handler
                0x000000000000212c       0x10 /home/alex/GitHub/efm32-arduino-core/example/core/variant.cpp.o
                0x000000000000212c                SERCOM5_Handler
 .text.startup._GLOBAL__sub_I_g_APinDescription
                0x000000000000213c       0x80 /home/alex/GitHub/efm32-arduino-core/example/core/variant.cpp.o
 .text.Dummy_Handler
                0x00000000000021bc        0x2 /home/alex/GitHub/efm32-arduino-core/example/../../../../../tmp/arduino-core-cache/core_arduino_samd_mkr1000_dc483d40169dc536bb17e0212c5d8bd2.a(cortex_handlers.c.o)
                0x00000000000021bc                DMAC_Handler
                0x00000000000021bc                HardFault_Handler
                0x00000000000021bc                AC_Handler
                0x00000000000021bc                PendSV_Handler
                0x00000000000021bc                NMI_Handler
                0x00000000000021bc                TC7_Handler
                0x00000000000021bc                SERCOM1_Handler
                0x00000000000021bc                ADC_Handler
                0x00000000000021bc                TCC1_Handler
                0x00000000000021bc                SERCOM2_Handler
                0x00000000000021bc                TCC0_Handler
                0x00000000000021bc                RTC_Handler
                0x00000000000021bc                EIC_Handler
                0x00000000000021bc                TC6_Handler
                0x00000000000021bc                WDT_Handler
                0x00000000000021bc                TC4_Handler
                0x00000000000021bc                TC3_Handler
                0x00000000000021bc                Dummy_Handler
                0x00000000000021bc                PM_Handler
                0x00000000000021bc                SVC_Handler
                0x00000000000021bc                TCC2_Handler
                0x00000000000021bc                EVSYS_Handler
                0x00000000000021bc                SERCOM3_Handler
                0x00000000000021bc                SERCOM4_Handler
                0x00000000000021bc                I2S_Handler
                0x00000000000021bc                NVMCTRL_Handler
                0x00000000000021bc                SERCOM0_Handler
                0x00000000000021bc                DAC_Handler
                0x00000000000021bc                PTC_Handler
                0x00000000000021bc                SYSCTRL_Handler
 *fill*         0x00000000000021be        0x2 
 .text.USB_Handler
                0x00000000000021c0       0x14 /home/alex/GitHub/efm32-arduino-core/example/../../../../../tmp/arduino-core-cache/core_arduino_samd_mkr1000_dc483d40169dc536bb17e0212c5d8bd2.a(cortex_handlers.c.o)
                0x00000000000021c0                USB_Handler
 .text.Reset_Handler
                0x00000000000021d4       0x54 /home/alex/GitHub/efm32-arduino-core/example/../../../../../tmp/arduino-core-cache/core_arduino_samd_mkr1000_dc483d40169dc536bb17e0212c5d8bd2.a(cortex_handlers.c.o)
                0x00000000000021d4                Reset_Handler
 .text.SysTick_Handler
                0x0000000000002228       0x10 /home/alex/GitHub/efm32-arduino-core/example/../../../../../tmp/arduino-core-cache/core_arduino_samd_mkr1000_dc483d40169dc536bb17e0212c5d8bd2.a(cortex_handlers.c.o)
                0x0000000000002228                SysTick_Handler
 .text.USB_SetHandler
                0x0000000000002238        0xc /home/alex/GitHub/efm32-arduino-core/example/../../../../../tmp/arduino-core-cache/core_arduino_samd_mkr1000_dc483d40169dc536bb17e0212c5d8bd2.a(cortex_handlers.c.o)
                0x0000000000002238                USB_SetHandler
 .text.micros   0x0000000000002244       0x60 /home/alex/GitHub/efm32-arduino-core/example/../../../../../tmp/arduino-core-cache/core_arduino_samd_mkr1000_dc483d40169dc536bb17e0212c5d8bd2.a(delay.c.o)
                0x0000000000002244                micros
 .text.delay    0x00000000000022a4       0x30 /home/alex/GitHub/efm32-arduino-core/example/../../../../../tmp/arduino-core-cache/core_arduino_samd_mkr1000_dc483d40169dc536bb17e0212c5d8bd2.a(delay.c.o)
                0x00000000000022a4                delay
 .text.resetExternalChip
                0x00000000000022d4        0x2 /home/alex/GitHub/efm32-arduino-core/example/../../../../../tmp/arduino-core-cache/core_arduino_samd_mkr1000_dc483d40169dc536bb17e0212c5d8bd2.a(delay.c.o)
                0x00000000000022d4                resetExternalChip
 *fill*         0x00000000000022d6        0x2 
 .text.SysTick_DefaultHandler
                0x00000000000022d8       0x14 /home/alex/GitHub/efm32-arduino-core/example/../../../../../tmp/arduino-core-cache/core_arduino_samd_mkr1000_dc483d40169dc536bb17e0212c5d8bd2.a(delay.c.o)
                0x00000000000022d8                SysTick_DefaultHandler
 .text.__empty  0x00000000000022ec        0x2 /home/alex/GitHub/efm32-arduino-core/example/../../../../../tmp/arduino-core-cache/core_arduino_samd_mkr1000_dc483d40169dc536bb17e0212c5d8bd2.a(hooks.c.o)
                0x00000000000022ec                yield
 .text.__false  0x00000000000022ee        0x4 /home/alex/GitHub/efm32-arduino-core/example/../../../../../tmp/arduino-core-cache/core_arduino_samd_mkr1000_dc483d40169dc536bb17e0212c5d8bd2.a(hooks.c.o)
                0x00000000000022ee                sysTickHook
 *fill*         0x00000000000022f2        0x2 
 .text.SystemInit
                0x00000000000022f4      0x160 /home/alex/GitHub/efm32-arduino-core/example/../../../../../tmp/arduino-core-cache/core_arduino_samd_mkr1000_dc483d40169dc536bb17e0212c5d8bd2.a(startup.c.o)
                0x00000000000022f4                SystemInit
 .text.init     0x0000000000002454       0xf0 /home/alex/GitHub/efm32-arduino-core/example/../../../../../tmp/arduino-core-cache/core_arduino_samd_mkr1000_dc483d40169dc536bb17e0212c5d8bd2.a(wiring.c.o)
                0x0000000000002454                init
 .text.analogReference
                0x0000000000002544       0x64 /home/alex/GitHub/efm32-arduino-core/example/../../../../../tmp/arduino-core-cache/core_arduino_samd_mkr1000_dc483d40169dc536bb17e0212c5d8bd2.a(wiring_analog.c.o)
                0x0000000000002544                analogReference
 .text.pinMode  0x00000000000025a8       0x98 /home/alex/GitHub/efm32-arduino-core/example/../../../../../tmp/arduino-core-cache/core_arduino_samd_mkr1000_dc483d40169dc536bb17e0212c5d8bd2.a(wiring_digital.c.o)
                0x00000000000025a8                pinMode
 .text.digitalWrite
                0x0000000000002640       0x58 /home/alex/GitHub/efm32-arduino-core/example/../../../../../tmp/arduino-core-cache/core_arduino_samd_mkr1000_dc483d40169dc536bb17e0212c5d8bd2.a(wiring_digital.c.o)
                0x0000000000002640                digitalWrite
 .text.pinPeripheral
                0x0000000000002698       0xc0 /home/alex/GitHub/efm32-arduino-core/example/../../../../../tmp/arduino-core-cache/core_arduino_samd_mkr1000_dc483d40169dc536bb17e0212c5d8bd2.a(wiring_private.c.o)
                0x0000000000002698                pinPeripheral
 .text.initiateReset
                0x0000000000002758       0x14 /home/alex/GitHub/efm32-arduino-core/example/../../../../../tmp/arduino-core-cache/core_arduino_samd_mkr1000_dc483d40169dc536bb17e0212c5d8bd2.a(Reset.cpp.o)
                0x0000000000002758                initiateReset
 .text.cancelReset
                0x000000000000276c       0x10 /home/alex/GitHub/efm32-arduino-core/example/../../../../../tmp/arduino-core-cache/core_arduino_samd_mkr1000_dc483d40169dc536bb17e0212c5d8bd2.a(Reset.cpp.o)
                0x000000000000276c                cancelReset
 .text.tickReset
                0x000000000000277c       0x78 /home/alex/GitHub/efm32-arduino-core/example/../../../../../tmp/arduino-core-cache/core_arduino_samd_mkr1000_dc483d40169dc536bb17e0212c5d8bd2.a(Reset.cpp.o)
                0x000000000000277c                tickReset
 .text._ZN6SERCOMC2EP6Sercom
                0x00000000000027f4        0x4 /home/alex/GitHub/efm32-arduino-core/example/../../../../../tmp/arduino-core-cache/core_arduino_samd_mkr1000_dc483d40169dc536bb17e0212c5d8bd2.a(SERCOM.cpp.o)
                0x00000000000027f4                SERCOM::SERCOM(Sercom*)
                0x00000000000027f4                SERCOM::SERCOM(Sercom*)
 .text._ZN6SERCOM9initFrameE18SercomUartCharSize15SercomDataOrder16SercomParityMode19SercomNumberStopBit
                0x00000000000027f8       0x3a /home/alex/GitHub/efm32-arduino-core/example/../../../../../tmp/arduino-core-cache/core_arduino_samd_mkr1000_dc483d40169dc536bb17e0212c5d8bd2.a(SERCOM.cpp.o)
                0x00000000000027f8                SERCOM::initFrame(SercomUartCharSize, SercomDataOrder, SercomParityMode, SercomNumberStopBit)
 .text._ZN6SERCOM8initPadsE15SercomUartTXPad11SercomRXPad
                0x0000000000002832       0x26 /home/alex/GitHub/efm32-arduino-core/example/../../../../../tmp/arduino-core-cache/core_arduino_samd_mkr1000_dc483d40169dc536bb17e0212c5d8bd2.a(SERCOM.cpp.o)
                0x0000000000002832                SERCOM::initPads(SercomUartTXPad, SercomRXPad)
 .text._ZN6SERCOM9resetUARTEv
                0x0000000000002858       0x1a /home/alex/GitHub/efm32-arduino-core/example/../../../../../tmp/arduino-core-cache/core_arduino_samd_mkr1000_dc483d40169dc536bb17e0212c5d8bd2.a(SERCOM.cpp.o)
                0x0000000000002858                SERCOM::resetUART()
 .text._ZN6SERCOM10enableUARTEv
                0x0000000000002872       0x14 /home/alex/GitHub/efm32-arduino-core/example/../../../../../tmp/arduino-core-cache/core_arduino_samd_mkr1000_dc483d40169dc536bb17e0212c5d8bd2.a(SERCOM.cpp.o)
                0x0000000000002872                SERCOM::enableUART()
 .text._ZN6SERCOM9flushUARTEv
                0x0000000000002886       0x10 /home/alex/GitHub/efm32-arduino-core/example/../../../../../tmp/arduino-core-cache/core_arduino_samd_mkr1000_dc483d40169dc536bb17e0212c5d8bd2.a(SERCOM.cpp.o)
                0x0000000000002886                SERCOM::flushUART()
 .text._ZN6SERCOM15clearStatusUARTEv
                0x0000000000002896        0x8 /home/alex/GitHub/efm32-arduino-core/example/../../../../../tmp/arduino-core-cache/core_arduino_samd_mkr1000_dc483d40169dc536bb17e0212c5d8bd2.a(SERCOM.cpp.o)
                0x0000000000002896                SERCOM::clearStatusUART()
 .text._ZN6SERCOM17availableDataUARTEv
                0x000000000000289e        0xa /home/alex/GitHub/efm32-arduino-core/example/../../../../../tmp/arduino-core-cache/core_arduino_samd_mkr1000_dc483d40169dc536bb17e0212c5d8bd2.a(SERCOM.cpp.o)
                0x000000000000289e                SERCOM::availableDataUART()
 .text._ZN6SERCOM11isUARTErrorEv
                0x00000000000028a8        0x8 /home/alex/GitHub/efm32-arduino-core/example/../../../../../tmp/arduino-core-cache/core_arduino_samd_mkr1000_dc483d40169dc536bb17e0212c5d8bd2.a(SERCOM.cpp.o)
                0x00000000000028a8                SERCOM::isUARTError()
 .text._ZN6SERCOM20acknowledgeUARTErrorEv
                0x00000000000028b0        0xe /home/alex/GitHub/efm32-arduino-core/example/../../../../../tmp/arduino-core-cache/core_arduino_samd_mkr1000_dc483d40169dc536bb17e0212c5d8bd2.a(SERCOM.cpp.o)
                0x00000000000028b0                SERCOM::acknowledgeUARTError()
 .text._ZN6SERCOM16isFrameErrorUARTEv
                0x00000000000028be        0xa /home/alex/GitHub/efm32-arduino-core/example/../../../../../tmp/arduino-core-cache/core_arduino_samd_mkr1000_dc483d40169dc536bb17e0212c5d8bd2.a(SERCOM.cpp.o)
                0x00000000000028be                SERCOM::isFrameErrorUART()
 .text._ZN6SERCOM19clearFrameErrorUARTEv
                0x00000000000028c8        0xc /home/alex/GitHub/efm32-arduino-core/example/../../../../../tmp/arduino-core-cache/core_arduino_samd_mkr1000_dc483d40169dc536bb17e0212c5d8bd2.a(SERCOM.cpp.o)
                0x00000000000028c8                SERCOM::clearFrameErrorUART()
 .text._ZN6SERCOM23isDataRegisterEmptyUARTEv
                0x00000000000028d4        0xa /home/alex/GitHub/efm32-arduino-core/example/../../../../../tmp/arduino-core-cache/core_arduino_samd_mkr1000_dc483d40169dc536bb17e0212c5d8bd2.a(SERCOM.cpp.o)
                0x00000000000028d4                SERCOM::isDataRegisterEmptyUART()
 .text._ZN6SERCOM12readDataUARTEv
                0x00000000000028de        0x8 /home/alex/GitHub/efm32-arduino-core/example/../../../../../tmp/arduino-core-cache/core_arduino_samd_mkr1000_dc483d40169dc536bb17e0212c5d8bd2.a(SERCOM.cpp.o)
                0x00000000000028de                SERCOM::readDataUART()
 .text._ZN6SERCOM13writeDataUARTEh
                0x00000000000028e6       0x10 /home/alex/GitHub/efm32-arduino-core/example/../../../../../tmp/arduino-core-cache/core_arduino_samd_mkr1000_dc483d40169dc536bb17e0212c5d8bd2.a(SERCOM.cpp.o)
                0x00000000000028e6                SERCOM::writeDataUART(unsigned char)
 .text._ZN6SERCOM36enableDataRegisterEmptyInterruptUARTEv
                0x00000000000028f6        0x8 /home/alex/GitHub/efm32-arduino-core/example/../../../../../tmp/arduino-core-cache/core_arduino_samd_mkr1000_dc483d40169dc536bb17e0212c5d8bd2.a(SERCOM.cpp.o)
                0x00000000000028f6                SERCOM::enableDataRegisterEmptyInterruptUART()
 .text._ZN6SERCOM37disableDataRegisterEmptyInterruptUARTEv
                0x00000000000028fe        0x8 /home/alex/GitHub/efm32-arduino-core/example/../../../../../tmp/arduino-core-cache/core_arduino_samd_mkr1000_dc483d40169dc536bb17e0212c5d8bd2.a(SERCOM.cpp.o)
                0x00000000000028fe                SERCOM::disableDataRegisterEmptyInterruptUART()
 *fill*         0x0000000000002906        0x2 
 .text._ZN6SERCOM13initClockNVICEv
                0x0000000000002908       0xa8 /home/alex/GitHub/efm32-arduino-core/example/../../../../../tmp/arduino-core-cache/core_arduino_samd_mkr1000_dc483d40169dc536bb17e0212c5d8bd2.a(SERCOM.cpp.o)
                0x0000000000002908                SERCOM::initClockNVIC()
 .text._ZN6SERCOM8initUARTE14SercomUartMode20SercomUartSampleRatem
                0x00000000000029b0       0x6c /home/alex/GitHub/efm32-arduino-core/example/../../../../../tmp/arduino-core-cache/core_arduino_samd_mkr1000_dc483d40169dc536bb17e0212c5d8bd2.a(SERCOM.cpp.o)
                0x00000000000029b0                SERCOM::initUART(SercomUartMode, SercomUartSampleRate, unsigned long)
 .text._ZN4UartcvbEv
                0x0000000000002a1c        0x4 /home/alex/GitHub/efm32-arduino-core/example/../../../../../tmp/arduino-core-cache/core_arduino_samd_mkr1000_dc483d40169dc536bb17e0212c5d8bd2.a(Uart.cpp.o)
                0x0000000000002a1c                Uart::operator bool()
 .text._ZN4Uart5beginEm
                0x0000000000002a20       0x10 /home/alex/GitHub/efm32-arduino-core/example/../../../../../tmp/arduino-core-cache/core_arduino_samd_mkr1000_dc483d40169dc536bb17e0212c5d8bd2.a(Uart.cpp.o)
                0x0000000000002a20                Uart::begin(unsigned long)
 .text._ZN4Uart4peekEv
                0x0000000000002a30       0x1a /home/alex/GitHub/efm32-arduino-core/example/../../../../../tmp/arduino-core-cache/core_arduino_samd_mkr1000_dc483d40169dc536bb17e0212c5d8bd2.a(Uart.cpp.o)
                0x0000000000002a30                Uart::peek()
 .text._ZN4Uart3endEv
                0x0000000000002a4a       0x20 /home/alex/GitHub/efm32-arduino-core/example/../../../../../tmp/arduino-core-cache/core_arduino_samd_mkr1000_dc483d40169dc536bb17e0212c5d8bd2.a(Uart.cpp.o)
                0x0000000000002a4a                Uart::end()
 .text._ZN4Uart16extractNbStopBitEt
                0x0000000000002a6a        0xc /home/alex/GitHub/efm32-arduino-core/example/../../../../../tmp/arduino-core-cache/core_arduino_samd_mkr1000_dc483d40169dc536bb17e0212c5d8bd2.a(Uart.cpp.o)
                0x0000000000002a6a                Uart::extractNbStopBit(unsigned short)
 .text._ZN4Uart15extractCharSizeEt
                0x0000000000002a76       0x28 /home/alex/GitHub/efm32-arduino-core/example/../../../../../tmp/arduino-core-cache/core_arduino_samd_mkr1000_dc483d40169dc536bb17e0212c5d8bd2.a(Uart.cpp.o)
                0x0000000000002a76                Uart::extractCharSize(unsigned short)
 .text._ZN4Uart13extractParityEt
                0x0000000000002a9e       0x14 /home/alex/GitHub/efm32-arduino-core/example/../../../../../tmp/arduino-core-cache/core_arduino_samd_mkr1000_dc483d40169dc536bb17e0212c5d8bd2.a(Uart.cpp.o)
                0x0000000000002a9e                Uart::extractParity(unsigned short)
 *fill*         0x0000000000002ab2        0x2 
 .text._ZN4Uart5beginEmt
                0x0000000000002ab4       0xf8 /home/alex/GitHub/efm32-arduino-core/example/../../../../../tmp/arduino-core-cache/core_arduino_samd_mkr1000_dc483d40169dc536bb17e0212c5d8bd2.a(Uart.cpp.o)
                0x0000000000002ab4                Uart::begin(unsigned long, unsigned short)
 .text._ZN11RingBufferNILi256EEC2Ev
                0x0000000000002bac       0x1c /home/alex/GitHub/efm32-arduino-core/example/../../../../../tmp/arduino-core-cache/core_arduino_samd_mkr1000_dc483d40169dc536bb17e0212c5d8bd2.a(Uart.cpp.o)
                0x0000000000002bac                RingBufferN<256>::RingBufferN()
                0x0000000000002bac                RingBufferN<256>::RingBufferN()
 .text._ZN4UartC2EP6SERCOMhh11SercomRXPad15SercomUartTXPad
                0x0000000000002bc8       0x74 /home/alex/GitHub/efm32-arduino-core/example/../../../../../tmp/arduino-core-cache/core_arduino_samd_mkr1000_dc483d40169dc536bb17e0212c5d8bd2.a(Uart.cpp.o)
                0x0000000000002bc8                Uart::Uart(SERCOM*, unsigned char, unsigned char, SercomRXPad, SercomUartTXPad)
                0x0000000000002bc8                Uart::Uart(SERCOM*, unsigned char, unsigned char, SercomRXPad, SercomUartTXPad)
 .text._ZN11RingBufferNILi256EE9availableEv
                0x0000000000002c3c       0x12 /home/alex/GitHub/efm32-arduino-core/example/../../../../../tmp/arduino-core-cache/core_arduino_samd_mkr1000_dc483d40169dc536bb17e0212c5d8bd2.a(Uart.cpp.o)
                0x0000000000002c3c                RingBufferN<256>::available()
 .text._ZN4Uart5flushEv
                0x0000000000002c4e       0x1a /home/alex/GitHub/efm32-arduino-core/example/../../../../../tmp/arduino-core-cache/core_arduino_samd_mkr1000_dc483d40169dc536bb17e0212c5d8bd2.a(Uart.cpp.o)
                0x0000000000002c4e                Uart::flush()
 .text._ZN4Uart9availableEv
                0x0000000000002c68        0xa /home/alex/GitHub/efm32-arduino-core/example/../../../../../tmp/arduino-core-cache/core_arduino_samd_mkr1000_dc483d40169dc536bb17e0212c5d8bd2.a(Uart.cpp.o)
                0x0000000000002c68                Uart::available()
 .text._ZN11RingBufferNILi256EE17availableForStoreEv
                0x0000000000002c72       0x20 /home/alex/GitHub/efm32-arduino-core/example/../../../../../tmp/arduino-core-cache/core_arduino_samd_mkr1000_dc483d40169dc536bb17e0212c5d8bd2.a(Uart.cpp.o)
                0x0000000000002c72                RingBufferN<256>::availableForStore()
 .text._ZN4Uart17availableForWriteEv
                0x0000000000002c92        0xc /home/alex/GitHub/efm32-arduino-core/example/../../../../../tmp/arduino-core-cache/core_arduino_samd_mkr1000_dc483d40169dc536bb17e0212c5d8bd2.a(Uart.cpp.o)
                0x0000000000002c92                Uart::availableForWrite()
 .text._ZN4Uart10IrqHandlerEv
                0x0000000000002c9e       0xcc /home/alex/GitHub/efm32-arduino-core/example/../../../../../tmp/arduino-core-cache/core_arduino_samd_mkr1000_dc483d40169dc536bb17e0212c5d8bd2.a(Uart.cpp.o)
                0x0000000000002c9e                Uart::IrqHandler()
 *fill*         0x0000000000002d6a        0x2 
 .text._ZN4Uart5writeEh
                0x0000000000002d6c       0xb4 /home/alex/GitHub/efm32-arduino-core/example/../../../../../tmp/arduino-core-cache/core_arduino_samd_mkr1000_dc483d40169dc536bb17e0212c5d8bd2.a(Uart.cpp.o)
                0x0000000000002d6c                Uart::write(unsigned char)
 .text._ZN4Uart4readEv
                0x0000000000002e20       0x4c /home/alex/GitHub/efm32-arduino-core/example/../../../../../tmp/arduino-core-cache/core_arduino_samd_mkr1000_dc483d40169dc536bb17e0212c5d8bd2.a(Uart.cpp.o)
                0x0000000000002e20                Uart::read()
 .text._Z11initVariantv
                0x0000000000002e6c        0x2 /home/alex/GitHub/efm32-arduino-core/example/../../../../../tmp/arduino-core-cache/core_arduino_samd_mkr1000_dc483d40169dc536bb17e0212c5d8bd2.a(main.cpp.o)
                0x0000000000002e6c                initVariant()
 *fill*         0x0000000000002e6e        0x2 
 .text.startup.main
                0x0000000000002e70       0x40 /home/alex/GitHub/efm32-arduino-core/example/../../../../../tmp/arduino-core-cache/core_arduino_samd_mkr1000_dc483d40169dc536bb17e0212c5d8bd2.a(main.cpp.o)
                0x0000000000002e70                main
 .text._ZN5Print5writeEPKhj
                0x0000000000002eb0       0x28 /home/alex/GitHub/efm32-arduino-core/example/../../../../../tmp/arduino-core-cache/core_arduino_samd_mkr1000_dc483d40169dc536bb17e0212c5d8bd2.a(Print.cpp.o)
                0x0000000000002eb0                Print::write(unsigned char const*, unsigned int)
 .text._ZN26DoubleBufferedEPOutHandlerD2Ev
                0x0000000000002ed8        0x2 /home/alex/GitHub/efm32-arduino-core/example/../../../../../tmp/arduino-core-cache/core_arduino_samd_mkr1000_dc483d40169dc536bb17e0212c5d8bd2.a(USBCore.cpp.o)
                0x0000000000002ed8                DoubleBufferedEPOutHandler::~DoubleBufferedEPOutHandler()
                0x0000000000002ed8                DoubleBufferedEPOutHandler::~DoubleBufferedEPOutHandler()
 .text._ZN26DoubleBufferedEPOutHandlerD0Ev
                0x0000000000002eda        0xc /home/alex/GitHub/efm32-arduino-core/example/../../../../../tmp/arduino-core-cache/core_arduino_samd_mkr1000_dc483d40169dc536bb17e0212c5d8bd2.a(USBCore.cpp.o)
                0x0000000000002eda                DoubleBufferedEPOutHandler::~DoubleBufferedEPOutHandler()
 *fill*         0x0000000000002ee6        0x2 
 .text._ZN14USBDeviceClass6initEPEmm.part.7
                0x0000000000002ee8       0xc4 /home/alex/GitHub/efm32-arduino-core/example/../../../../../tmp/arduino-core-cache/core_arduino_samd_mkr1000_dc483d40169dc536bb17e0212c5d8bd2.a(USBCore.cpp.o)
 .text._ZN7__GuardC2Ev
                0x0000000000002fac        0xe /home/alex/GitHub/efm32-arduino-core/example/../../../../../tmp/arduino-core-cache/core_arduino_samd_mkr1000_dc483d40169dc536bb17e0212c5d8bd2.a(USBCore.cpp.o)
                0x0000000000002fac                __Guard::__Guard()
                0x0000000000002fac                __Guard::__Guard()
 .text._ZN7__GuardD2Ev
                0x0000000000002fba        0xe /home/alex/GitHub/efm32-arduino-core/example/../../../../../tmp/arduino-core-cache/core_arduino_samd_mkr1000_dc483d40169dc536bb17e0212c5d8bd2.a(USBCore.cpp.o)
                0x0000000000002fba                __Guard::~__Guard()
                0x0000000000002fba                __Guard::~__Guard()
 .text._ZNK26DoubleBufferedEPOutHandler10_availableEv
                0x0000000000002fc8       0x70 /home/alex/GitHub/efm32-arduino-core/example/../../../../../tmp/arduino-core-cache/core_arduino_samd_mkr1000_dc483d40169dc536bb17e0212c5d8bd2.a(USBCore.cpp.o)
                0x0000000000002fc8                DoubleBufferedEPOutHandler::_available() const
 .text._ZN26DoubleBufferedEPOutHandler7releaseEv
                0x0000000000003038       0x3c /home/alex/GitHub/efm32-arduino-core/example/../../../../../tmp/arduino-core-cache/core_arduino_samd_mkr1000_dc483d40169dc536bb17e0212c5d8bd2.a(USBCore.cpp.o)
                0x0000000000003038                DoubleBufferedEPOutHandler::release()
 .text._ZN26DoubleBufferedEPOutHandler14handleEndpointEv
                0x0000000000003074       0xea /home/alex/GitHub/efm32-arduino-core/example/../../../../../tmp/arduino-core-cache/core_arduino_samd_mkr1000_dc483d40169dc536bb17e0212c5d8bd2.a(USBCore.cpp.o)
                0x0000000000003074                DoubleBufferedEPOutHandler::handleEndpoint()
 .text._ZN26DoubleBufferedEPOutHandler5_recvEv
                0x000000000000315e      0x198 /home/alex/GitHub/efm32-arduino-core/example/../../../../../tmp/arduino-core-cache/core_arduino_samd_mkr1000_dc483d40169dc536bb17e0212c5d8bd2.a(USBCore.cpp.o)
                0x000000000000315e                DoubleBufferedEPOutHandler::_recv()
 .text._ZN26DoubleBufferedEPOutHandler4peekEv
                0x00000000000032f6       0x22 /home/alex/GitHub/efm32-arduino-core/example/../../../../../tmp/arduino-core-cache/core_arduino_samd_mkr1000_dc483d40169dc536bb17e0212c5d8bd2.a(USBCore.cpp.o)
                0x00000000000032f6                DoubleBufferedEPOutHandler::peek()
 .text._ZN26DoubleBufferedEPOutHandler9availableEv
                0x0000000000003318       0x18 /home/alex/GitHub/efm32-arduino-core/example/../../../../../tmp/arduino-core-cache/core_arduino_samd_mkr1000_dc483d40169dc536bb17e0212c5d8bd2.a(USBCore.cpp.o)
                0x0000000000003318                DoubleBufferedEPOutHandler::available()
 .text._ZN26DoubleBufferedEPOutHandler4recvEPvm
                0x0000000000003330       0x72 /home/alex/GitHub/efm32-arduino-core/example/../../../../../tmp/arduino-core-cache/core_arduino_samd_mkr1000_dc483d40169dc536bb17e0212c5d8bd2.a(USBCore.cpp.o)
                0x0000000000003330                DoubleBufferedEPOutHandler::recv(void*, unsigned long)
 .text._ZN14USBDeviceClass14SendInterfacesEPm
                0x00000000000033a2       0x20 /home/alex/GitHub/efm32-arduino-core/example/../../../../../tmp/arduino-core-cache/core_arduino_samd_mkr1000_dc483d40169dc536bb17e0212c5d8bd2.a(USBCore.cpp.o)
                0x00000000000033a2                USBDeviceClass::SendInterfaces(unsigned long*)
 *fill*         0x00000000000033c2        0x2 
 .text._ZN14USBDeviceClass4initEv
                0x00000000000033c4      0x144 /home/alex/GitHub/efm32-arduino-core/example/../../../../../tmp/arduino-core-cache/core_arduino_samd_mkr1000_dc483d40169dc536bb17e0212c5d8bd2.a(USBCore.cpp.o)
                0x00000000000033c4                USBDeviceClass::init()
 .text._ZN14USBDeviceClass6attachEv
                0x0000000000003508       0x34 /home/alex/GitHub/efm32-arduino-core/example/../../../../../tmp/arduino-core-cache/core_arduino_samd_mkr1000_dc483d40169dc536bb17e0212c5d8bd2.a(USBCore.cpp.o)
                0x0000000000003508                USBDeviceClass::attach()
 .text._ZN14USBDeviceClass10setAddressEm
                0x000000000000353c       0x48 /home/alex/GitHub/efm32-arduino-core/example/../../../../../tmp/arduino-core-cache/core_arduino_samd_mkr1000_dc483d40169dc536bb17e0212c5d8bd2.a(USBCore.cpp.o)
                0x000000000000353c                USBDeviceClass::setAddress(unsigned long)
 .text._ZN14USBDeviceClass25handleClassInterfaceSetupER8USBSetup
                0x0000000000003584       0x24 /home/alex/GitHub/efm32-arduino-core/example/../../../../../tmp/arduino-core-cache/core_arduino_samd_mkr1000_dc483d40169dc536bb17e0212c5d8bd2.a(USBCore.cpp.o)
                0x0000000000003584                USBDeviceClass::handleClassInterfaceSetup(USBSetup&)
 .text._ZN14USBDeviceClass6initEPEmm
                0x00000000000035a8      0x120 /home/alex/GitHub/efm32-arduino-core/example/../../../../../tmp/arduino-core-cache/core_arduino_samd_mkr1000_dc483d40169dc536bb17e0212c5d8bd2.a(USBCore.cpp.o)
                0x00000000000035a8                USBDeviceClass::initEP(unsigned long, unsigned long)
 .text._ZN14USBDeviceClass13initEndpointsEv
                0x00000000000036c8       0x24 /home/alex/GitHub/efm32-arduino-core/example/../../../../../tmp/arduino-core-cache/core_arduino_samd_mkr1000_dc483d40169dc536bb17e0212c5d8bd2.a(USBCore.cpp.o)
                0x00000000000036c8                USBDeviceClass::initEndpoints()
 .text._ZN14USBDeviceClass5clearEm
                0x00000000000036ec       0x38 /home/alex/GitHub/efm32-arduino-core/example/../../../../../tmp/arduino-core-cache/core_arduino_samd_mkr1000_dc483d40169dc536bb17e0212c5d8bd2.a(USBCore.cpp.o)
                0x00000000000036ec                USBDeviceClass::clear(unsigned long)
 .text._ZN14USBDeviceClass9availableEm
                0x0000000000003724       0x2c /home/alex/GitHub/efm32-arduino-core/example/../../../../../tmp/arduino-core-cache/core_arduino_samd_mkr1000_dc483d40169dc536bb17e0212c5d8bd2.a(USBCore.cpp.o)
                0x0000000000003724                USBDeviceClass::available(unsigned long)
 .text._ZN14USBDeviceClass5flushEm
                0x0000000000003750       0x2c /home/alex/GitHub/efm32-arduino-core/example/../../../../../tmp/arduino-core-cache/core_arduino_samd_mkr1000_dc483d40169dc536bb17e0212c5d8bd2.a(USBCore.cpp.o)
                0x0000000000003750                USBDeviceClass::flush(unsigned long)
 .text._ZN14USBDeviceClass4recvEmPvm
                0x000000000000377c       0xc0 /home/alex/GitHub/efm32-arduino-core/example/../../../../../tmp/arduino-core-cache/core_arduino_samd_mkr1000_dc483d40169dc536bb17e0212c5d8bd2.a(USBCore.cpp.o)
                0x000000000000377c                USBDeviceClass::recv(unsigned long, void*, unsigned long)
 .text._ZN14USBDeviceClass4recvEm
                0x000000000000383c       0x1c /home/alex/GitHub/efm32-arduino-core/example/../../../../../tmp/arduino-core-cache/core_arduino_samd_mkr1000_dc483d40169dc536bb17e0212c5d8bd2.a(USBCore.cpp.o)
                0x000000000000383c                USBDeviceClass::recv(unsigned long)
 .text._ZN14USBDeviceClass14armRecvCtrlOUTEm
                0x0000000000003858       0x5c /home/alex/GitHub/efm32-arduino-core/example/../../../../../tmp/arduino-core-cache/core_arduino_samd_mkr1000_dc483d40169dc536bb17e0212c5d8bd2.a(USBCore.cpp.o)
                0x0000000000003858                USBDeviceClass::armRecvCtrlOUT(unsigned long)
 .text._ZN14USBDeviceClass11recvControlEPvm
                0x00000000000038b4       0x28 /home/alex/GitHub/efm32-arduino-core/example/../../../../../tmp/arduino-core-cache/core_arduino_samd_mkr1000_dc483d40169dc536bb17e0212c5d8bd2.a(USBCore.cpp.o)
                0x00000000000038b4                USBDeviceClass::recvControl(void*, unsigned long)
 .text._ZN14USBDeviceClass4sendEmPKvm
                0x00000000000038dc      0x10c /home/alex/GitHub/efm32-arduino-core/example/../../../../../tmp/arduino-core-cache/core_arduino_samd_mkr1000_dc483d40169dc536bb17e0212c5d8bd2.a(USBCore.cpp.o)
                0x00000000000038dc                USBDeviceClass::send(unsigned long, void const*, unsigned long)
 .text._ZN14USBDeviceClass7armSendEmPKvm
                0x00000000000039e8       0x48 /home/alex/GitHub/efm32-arduino-core/example/../../../../../tmp/arduino-core-cache/core_arduino_samd_mkr1000_dc483d40169dc536bb17e0212c5d8bd2.a(USBCore.cpp.o)
                0x00000000000039e8                USBDeviceClass::armSend(unsigned long, void const*, unsigned long)
 .text._ZN14USBDeviceClass11sendControlEPKvm
                0x0000000000003a30       0x54 /home/alex/GitHub/efm32-arduino-core/example/../../../../../tmp/arduino-core-cache/core_arduino_samd_mkr1000_dc483d40169dc536bb17e0212c5d8bd2.a(USBCore.cpp.o)
                0x0000000000003a30                USBDeviceClass::sendControl(void const*, unsigned long)
 .text._ZN14USBDeviceClass20sendStringDescriptorEPKhm
                0x0000000000003a84       0x64 /home/alex/GitHub/efm32-arduino-core/example/../../../../../tmp/arduino-core-cache/core_arduino_samd_mkr1000_dc483d40169dc536bb17e0212c5d8bd2.a(USBCore.cpp.o)
                0x0000000000003a84                USBDeviceClass::sendStringDescriptor(unsigned char const*, unsigned long)
 .text._ZN14USBDeviceClass17sendConfigurationEm
                0x0000000000003ae8       0x80 /home/alex/GitHub/efm32-arduino-core/example/../../../../../tmp/arduino-core-cache/core_arduino_samd_mkr1000_dc483d40169dc536bb17e0212c5d8bd2.a(USBCore.cpp.o)
                0x0000000000003ae8                USBDeviceClass::sendConfiguration(unsigned long)
 .text._ZN14USBDeviceClass14sendDescriptorER8USBSetup
                0x0000000000003b68       0xe0 /home/alex/GitHub/efm32-arduino-core/example/../../../../../tmp/arduino-core-cache/core_arduino_samd_mkr1000_dc483d40169dc536bb17e0212c5d8bd2.a(USBCore.cpp.o)
                0x0000000000003b68                USBDeviceClass::sendDescriptor(USBSetup&)
 .text._ZN14USBDeviceClass7sendZlpEm
                0x0000000000003c48       0x18 /home/alex/GitHub/efm32-arduino-core/example/../../../../../tmp/arduino-core-cache/core_arduino_samd_mkr1000_dc483d40169dc536bb17e0212c5d8bd2.a(USBCore.cpp.o)
                0x0000000000003c48                USBDeviceClass::sendZlp(unsigned long)
 .text._ZN14USBDeviceClass19handleStandardSetupER8USBSetup
                0x0000000000003c60       0xf0 /home/alex/GitHub/efm32-arduino-core/example/../../../../../tmp/arduino-core-cache/core_arduino_samd_mkr1000_dc483d40169dc536bb17e0212c5d8bd2.a(USBCore.cpp.o)
                0x0000000000003c60                USBDeviceClass::handleStandardSetup(USBSetup&)
 .text._ZN14USBDeviceClass10ISRHandlerEv
                0x0000000000003d50      0x108 /home/alex/GitHub/efm32-arduino-core/example/../../../../../tmp/arduino-core-cache/core_arduino_samd_mkr1000_dc483d40169dc536bb17e0212c5d8bd2.a(USBCore.cpp.o)
                0x0000000000003d50                USBDeviceClass::ISRHandler()
 .text.UDD_Handler
                0x0000000000003e58       0x10 /home/alex/GitHub/efm32-arduino-core/example/../../../../../tmp/arduino-core-cache/core_arduino_samd_mkr1000_dc483d40169dc536bb17e0212c5d8bd2.a(USBCore.cpp.o)
                0x0000000000003e58                UDD_Handler
 .text.startup._GLOBAL__sub_I_usbd
                0x0000000000003e68       0x10 /home/alex/GitHub/efm32-arduino-core/example/../../../../../tmp/arduino-core-cache/core_arduino_samd_mkr1000_dc483d40169dc536bb17e0212c5d8bd2.a(USBCore.cpp.o)
 .text._Znwj    0x0000000000003e78        0x8 /home/alex/GitHub/efm32-arduino-core/example/../../../../../tmp/arduino-core-cache/core_arduino_samd_mkr1000_dc483d40169dc536bb17e0212c5d8bd2.a(new.cpp.o)
                0x0000000000003e78                operator new(unsigned int)
 .text._ZdlPv   0x0000000000003e80        0x8 /home/alex/GitHub/efm32-arduino-core/example/../../../../../tmp/arduino-core-cache/core_arduino_samd_mkr1000_dc483d40169dc536bb17e0212c5d8bd2.a(new.cpp.o)
                0x0000000000003e80                operator delete(void*)
 .text._ZN7Serial_13getDescriptorER8USBSetup
                0x0000000000003e88        0x4 /home/alex/GitHub/efm32-arduino-core/example/../../../../../tmp/arduino-core-cache/core_arduino_samd_mkr1000_dc483d40169dc536bb17e0212c5d8bd2.a(CDC.cpp.o)
                0x0000000000003e88                Serial_::getDescriptor(USBSetup&)
 .text._ZL5utox8mPc
                0x0000000000003e8c       0x24 /home/alex/GitHub/efm32-arduino-core/example/../../../../../tmp/arduino-core-cache/core_arduino_samd_mkr1000_dc483d40169dc536bb17e0212c5d8bd2.a(CDC.cpp.o)
 .text._ZN7Serial_12getShortNameEPc
                0x0000000000003eb0       0x44 /home/alex/GitHub/efm32-arduino-core/example/../../../../../tmp/arduino-core-cache/core_arduino_samd_mkr1000_dc483d40169dc536bb17e0212c5d8bd2.a(CDC.cpp.o)
                0x0000000000003eb0                Serial_::getShortName(char*)
 .text._ZThn16_N7Serial_12getShortNameEPc
                0x0000000000003ef4       0x10 /home/alex/GitHub/efm32-arduino-core/example/../../../../../tmp/arduino-core-cache/core_arduino_samd_mkr1000_dc483d40169dc536bb17e0212c5d8bd2.a(CDC.cpp.o)
                0x0000000000003ef4                non-virtual thunk to Serial_::getShortName(char*)
 .text._ZN7Serial_14handleEndpointEi
                0x0000000000003f04        0x2 /home/alex/GitHub/efm32-arduino-core/example/../../../../../tmp/arduino-core-cache/core_arduino_samd_mkr1000_dc483d40169dc536bb17e0212c5d8bd2.a(CDC.cpp.o)
                0x0000000000003f04                Serial_::handleEndpoint(int)
 .text._ZN7Serial_17availableForWriteEv
                0x0000000000003f06        0x4 /home/alex/GitHub/efm32-arduino-core/example/../../../../../tmp/arduino-core-cache/core_arduino_samd_mkr1000_dc483d40169dc536bb17e0212c5d8bd2.a(CDC.cpp.o)
                0x0000000000003f06                Serial_::availableForWrite()
 .text._ZN7Serial_5writeEh
                0x0000000000003f0a       0x14 /home/alex/GitHub/efm32-arduino-core/example/../../../../../tmp/arduino-core-cache/core_arduino_samd_mkr1000_dc483d40169dc536bb17e0212c5d8bd2.a(CDC.cpp.o)
                0x0000000000003f0a                Serial_::write(unsigned char)
 *fill*         0x0000000000003f1e        0x2 
 .text._ZN7Serial_12getInterfaceEPh
                0x0000000000003f20      0x11c /home/alex/GitHub/efm32-arduino-core/example/../../../../../tmp/arduino-core-cache/core_arduino_samd_mkr1000_dc483d40169dc536bb17e0212c5d8bd2.a(CDC.cpp.o)
                0x0000000000003f20                Serial_::getInterface(unsigned char*)
 .text._ZThn16_N7Serial_12getInterfaceEPh
                0x000000000000403c       0x10 /home/alex/GitHub/efm32-arduino-core/example/../../../../../tmp/arduino-core-cache/core_arduino_samd_mkr1000_dc483d40169dc536bb17e0212c5d8bd2.a(CDC.cpp.o)
                0x000000000000403c                non-virtual thunk to Serial_::getInterface(unsigned char*)
 .text._ZN7Serial_5setupER8USBSetup
                0x000000000000404c       0xa8 /home/alex/GitHub/efm32-arduino-core/example/../../../../../tmp/arduino-core-cache/core_arduino_samd_mkr1000_dc483d40169dc536bb17e0212c5d8bd2.a(CDC.cpp.o)
                0x000000000000404c                Serial_::setup(USBSetup&)
 .text._ZThn16_N7Serial_5setupER8USBSetup
                0x00000000000040f4       0x10 /home/alex/GitHub/efm32-arduino-core/example/../../../../../tmp/arduino-core-cache/core_arduino_samd_mkr1000_dc483d40169dc536bb17e0212c5d8bd2.a(CDC.cpp.o)
                0x00000000000040f4                non-virtual thunk to Serial_::setup(USBSetup&)
 .text._ZN7Serial_9availableEv
                0x0000000000004104       0x20 /home/alex/GitHub/efm32-arduino-core/example/../../../../../tmp/arduino-core-cache/core_arduino_samd_mkr1000_dc483d40169dc536bb17e0212c5d8bd2.a(CDC.cpp.o)
                0x0000000000004104                Serial_::available()
 .text._ZN7Serial_5flushEv
                0x0000000000004124        0xe /home/alex/GitHub/efm32-arduino-core/example/../../../../../tmp/arduino-core-cache/core_arduino_samd_mkr1000_dc483d40169dc536bb17e0212c5d8bd2.a(CDC.cpp.o)
                0x0000000000004124                Serial_::flush()
 .text._ZN7Serial_5clearEv
                0x0000000000004132        0xe /home/alex/GitHub/efm32-arduino-core/example/../../../../../tmp/arduino-core-cache/core_arduino_samd_mkr1000_dc483d40169dc536bb17e0212c5d8bd2.a(CDC.cpp.o)
                0x0000000000004132                Serial_::clear()
 .text._ZN7Serial_5writeEPKhj
                0x0000000000004140       0x1e /home/alex/GitHub/efm32-arduino-core/example/../../../../../tmp/arduino-core-cache/core_arduino_samd_mkr1000_dc483d40169dc536bb17e0212c5d8bd2.a(CDC.cpp.o)
                0x0000000000004140                Serial_::write(unsigned char const*, unsigned int)
 *fill*         0x000000000000415e        0x2 
 .text._ZN7Serial_4peekEv
                0x0000000000004160       0x1c /home/alex/GitHub/efm32-arduino-core/example/../../../../../tmp/arduino-core-cache/core_arduino_samd_mkr1000_dc483d40169dc536bb17e0212c5d8bd2.a(CDC.cpp.o)
                0x0000000000004160                Serial_::peek()
 .text._ZN7Serial_4readEv
                0x000000000000417c       0x24 /home/alex/GitHub/efm32-arduino-core/example/../../../../../tmp/arduino-core-cache/core_arduino_samd_mkr1000_dc483d40169dc536bb17e0212c5d8bd2.a(CDC.cpp.o)
                0x000000000000417c                Serial_::read()
 .text._ZThn16_N7Serial_14handleEndpointEi
                0x00000000000041a0        0x2 /home/alex/GitHub/efm32-arduino-core/example/../../../../../tmp/arduino-core-cache/core_arduino_samd_mkr1000_dc483d40169dc536bb17e0212c5d8bd2.a(CDC.cpp.o)
                0x00000000000041a0                non-virtual thunk to Serial_::handleEndpoint(int)
 .text._ZThn16_N7Serial_13getDescriptorER8USBSetup
                0x00000000000041a2        0x4 /home/alex/GitHub/efm32-arduino-core/example/../../../../../tmp/arduino-core-cache/core_arduino_samd_mkr1000_dc483d40169dc536bb17e0212c5d8bd2.a(CDC.cpp.o)
                0x00000000000041a2                non-virtual thunk to Serial_::getDescriptor(USBSetup&)
 *fill*         0x00000000000041a6        0x2 
 .text._ZN7Serial_C2ER14USBDeviceClass
                0x00000000000041a8       0x50 /home/alex/GitHub/efm32-arduino-core/example/../../../../../tmp/arduino-core-cache/core_arduino_samd_mkr1000_dc483d40169dc536bb17e0212c5d8bd2.a(CDC.cpp.o)
                0x00000000000041a8                Serial_::Serial_(USBDeviceClass&)
                0x00000000000041a8                Serial_::Serial_(USBDeviceClass&)
 .text._ZN7Serial_15enableInterruptEv
                0x00000000000041f8       0x30 /home/alex/GitHub/efm32-arduino-core/example/../../../../../tmp/arduino-core-cache/core_arduino_samd_mkr1000_dc483d40169dc536bb17e0212c5d8bd2.a(CDC.cpp.o)
                0x00000000000041f8                Serial_::enableInterrupt()
 .text._ZN7Serial_5beginEm
                0x0000000000004228        0x2 /home/alex/GitHub/efm32-arduino-core/example/../../../../../tmp/arduino-core-cache/core_arduino_samd_mkr1000_dc483d40169dc536bb17e0212c5d8bd2.a(CDC.cpp.o)
                0x0000000000004228                Serial_::begin(unsigned long)
 *fill*         0x000000000000422a        0x2 
 .text.startup._GLOBAL__sub_I__ZN7Serial_12getInterfaceEPh
                0x000000000000422c       0x14 /home/alex/GitHub/efm32-arduino-core/example/../../../../../tmp/arduino-core-cache/core_arduino_samd_mkr1000_dc483d40169dc536bb17e0212c5d8bd2.a(CDC.cpp.o)
 .text._ZN13PluggableUSB_12getInterfaceEPh
                0x0000000000004240       0x28 /home/alex/GitHub/efm32-arduino-core/example/../../../../../tmp/arduino-core-cache/core_arduino_samd_mkr1000_dc483d40169dc536bb17e0212c5d8bd2.a(PluggableUSB.cpp.o)
                0x0000000000004240                PluggableUSB_::getInterface(unsigned char*)
 .text._ZN13PluggableUSB_13getDescriptorER8USBSetup
                0x0000000000004268       0x20 /home/alex/GitHub/efm32-arduino-core/example/../../../../../tmp/arduino-core-cache/core_arduino_samd_mkr1000_dc483d40169dc536bb17e0212c5d8bd2.a(PluggableUSB.cpp.o)
                0x0000000000004268                PluggableUSB_::getDescriptor(USBSetup&)
 .text._ZN13PluggableUSB_12getShortNameEPc
                0x0000000000004288       0x26 /home/alex/GitHub/efm32-arduino-core/example/../../../../../tmp/arduino-core-cache/core_arduino_samd_mkr1000_dc483d40169dc536bb17e0212c5d8bd2.a(PluggableUSB.cpp.o)
                0x0000000000004288                PluggableUSB_::getShortName(char*)
 .text._ZN13PluggableUSB_5setupER8USBSetup
                0x00000000000042ae       0x20 /home/alex/GitHub/efm32-arduino-core/example/../../../../../tmp/arduino-core-cache/core_arduino_samd_mkr1000_dc483d40169dc536bb17e0212c5d8bd2.a(PluggableUSB.cpp.o)
                0x00000000000042ae                PluggableUSB_::setup(USBSetup&)
 .text._ZN13PluggableUSB_14handleEndpointEi
                0x00000000000042ce       0x1a /home/alex/GitHub/efm32-arduino-core/example/../../../../../tmp/arduino-core-cache/core_arduino_samd_mkr1000_dc483d40169dc536bb17e0212c5d8bd2.a(PluggableUSB.cpp.o)
                0x00000000000042ce                PluggableUSB_::handleEndpoint(int)
 .text._ZN13PluggableUSB_4plugEP18PluggableUSBModule
                0x00000000000042e8       0x58 /home/alex/GitHub/efm32-arduino-core/example/../../../../../tmp/arduino-core-cache/core_arduino_samd_mkr1000_dc483d40169dc536bb17e0212c5d8bd2.a(PluggableUSB.cpp.o)
                0x00000000000042e8                PluggableUSB_::plug(PluggableUSBModule*)
 .text._Z12PluggableUSBv
                0x0000000000004340       0x24 /home/alex/GitHub/efm32-arduino-core/example/../../../../../tmp/arduino-core-cache/core_arduino_samd_mkr1000_dc483d40169dc536bb17e0212c5d8bd2.a(PluggableUSB.cpp.o)
                0x0000000000004340                PluggableUSB()
 .text          0x0000000000004364       0x14 /home/alex/.arduino15/packages/arduino/tools/arm-none-eabi-gcc/7-2017q4/bin/../lib/gcc/arm-none-eabi/7.2.1/thumb/v6-m/libgcc.a(_thumb1_case_uqi.o)
                0x0000000000004364                __gnu_thumb1_case_uqi
 .text          0x0000000000004378      0x114 /home/alex/.arduino15/packages/arduino/tools/arm-none-eabi-gcc/7-2017q4/bin/../lib/gcc/arm-none-eabi/7.2.1/thumb/v6-m/libgcc.a(_udivsi3.o)
                0x0000000000004378                __udivsi3
                0x0000000000004378                __aeabi_uidiv
                0x0000000000004484                __aeabi_uidivmod
 .text          0x000000000000448c        0x4 /home/alex/.arduino15/packages/arduino/tools/arm-none-eabi-gcc/7-2017q4/bin/../lib/gcc/arm-none-eabi/7.2.1/thumb/v6-m/libgcc.a(_dvmd_tls.o)
                0x000000000000448c                __aeabi_ldiv0
                0x000000000000448c                __aeabi_idiv0
 .text.__libc_init_array
                0x0000000000004490       0x48 /home/alex/.arduino15/packages/arduino/tools/arm-none-eabi-gcc/7-2017q4/bin/../lib/gcc/arm-none-eabi/7.2.1/../../../../arm-none-eabi/lib/thumb/v6-m/libc_nano.a(lib_a-init.o)
                0x0000000000004490                __libc_init_array
 .text.malloc   0x00000000000044d8       0x14 /home/alex/.arduino15/packages/arduino/tools/arm-none-eabi-gcc/7-2017q4/bin/../lib/gcc/arm-none-eabi/7.2.1/../../../../arm-none-eabi/lib/thumb/v6-m/libc_nano.a(lib_a-malloc.o)
                0x00000000000044d8                malloc
 .text.free     0x00000000000044ec       0x14 /home/alex/.arduino15/packages/arduino/tools/arm-none-eabi-gcc/7-2017q4/bin/../lib/gcc/arm-none-eabi/7.2.1/../../../../arm-none-eabi/lib/thumb/v6-m/libc_nano.a(lib_a-malloc.o)
                0x00000000000044ec                free
 .text.memcpy   0x0000000000004500       0x12 /home/alex/.arduino15/packages/arduino/tools/arm-none-eabi-gcc/7-2017q4/bin/../lib/gcc/arm-none-eabi/7.2.1/../../../../arm-none-eabi/lib/thumb/v6-m/libc_nano.a(lib_a-memcpy-stub.o)
                0x0000000000004500                memcpy
 .text.memset   0x0000000000004512       0x10 /home/alex/.arduino15/packages/arduino/tools/arm-none-eabi-gcc/7-2017q4/bin/../lib/gcc/arm-none-eabi/7.2.1/../../../../arm-none-eabi/lib/thumb/v6-m/libc_nano.a(lib_a-memset.o)
                0x0000000000004512                memset
 *fill*         0x0000000000004522        0x2 
 .text._free_r  0x0000000000004524       0x94 /home/alex/.arduino15/packages/arduino/tools/arm-none-eabi-gcc/7-2017q4/bin/../lib/gcc/arm-none-eabi/7.2.1/../../../../arm-none-eabi/lib/thumb/v6-m/libc_nano.a(lib_a-nano-freer.o)
                0x0000000000004524                _free_r
 .text._malloc_r
                0x00000000000045b8       0xbc /home/alex/.arduino15/packages/arduino/tools/arm-none-eabi-gcc/7-2017q4/bin/../lib/gcc/arm-none-eabi/7.2.1/../../../../arm-none-eabi/lib/thumb/v6-m/libc_nano.a(lib_a-nano-mallocr.o)
                0x00000000000045b8                _malloc_r
 .text._sbrk_r  0x0000000000004674       0x24 /home/alex/.arduino15/packages/arduino/tools/arm-none-eabi-gcc/7-2017q4/bin/../lib/gcc/arm-none-eabi/7.2.1/../../../../arm-none-eabi/lib/thumb/v6-m/libc_nano.a(lib_a-sbrkr.o)
                0x0000000000004674                _sbrk_r
 .text          0x0000000000004698        0xe /home/alex/.arduino15/packages/arduino/tools/arm-none-eabi-gcc/7-2017q4/bin/../lib/gcc/arm-none-eabi/7.2.1/../../../../arm-none-eabi/lib/thumb/v6-m/libc_nano.a(lib_a-strlen.o)
                0x0000000000004698                strlen
 .text.__malloc_lock
                0x00000000000046a6        0x2 /home/alex/.arduino15/packages/arduino/tools/arm-none-eabi-gcc/7-2017q4/bin/../lib/gcc/arm-none-eabi/7.2.1/../../../../arm-none-eabi/lib/thumb/v6-m/libc_nano.a(lib_a-mlock.o)
                0x00000000000046a6                __malloc_lock
 .text.__malloc_unlock
                0x00000000000046a8        0x2 /home/alex/.arduino15/packages/arduino/tools/arm-none-eabi-gcc/7-2017q4/bin/../lib/gcc/arm-none-eabi/7.2.1/../../../../arm-none-eabi/lib/thumb/v6-m/libc_nano.a(lib_a-mlock.o)
                0x00000000000046a8                __malloc_unlock
 *fill*         0x00000000000046aa        0x2 
 .text._sbrk    0x00000000000046ac       0x1c /home/alex/.arduino15/packages/arduino/tools/arm-none-eabi-gcc/7-2017q4/bin/../lib/gcc/arm-none-eabi/7.2.1/../../../../arm-none-eabi/lib/thumb/v6-m/libnosys.a(sbrk.o)
                0x00000000000046ac                _sbrk
 *(.init)
 .init          0x00000000000046c8        0x4 /home/alex/.arduino15/packages/arduino/tools/arm-none-eabi-gcc/7-2017q4/bin/../lib/gcc/arm-none-eabi/7.2.1/thumb/v6-m/crti.o
                0x00000000000046c8                _init
 .init          0x00000000000046cc        0x8 /home/alex/.arduino15/packages/arduino/tools/arm-none-eabi-gcc/7-2017q4/bin/../lib/gcc/arm-none-eabi/7.2.1/thumb/v6-m/crtn.o
 *(.fini)
 .fini          0x00000000000046d4        0x4 /home/alex/.arduino15/packages/arduino/tools/arm-none-eabi-gcc/7-2017q4/bin/../lib/gcc/arm-none-eabi/7.2.1/thumb/v6-m/crti.o
                0x00000000000046d4                _fini
 .fini          0x00000000000046d8        0x8 /home/alex/.arduino15/packages/arduino/tools/arm-none-eabi-gcc/7-2017q4/bin/../lib/gcc/arm-none-eabi/7.2.1/thumb/v6-m/crtn.o
 *crtbegin.o(.ctors)
 *crtbegin?.o(.ctors)
 *(EXCLUDE_FILE(*crtend.o *crtend?.o) .ctors)
 *(SORT_BY_NAME(.ctors.*))
 *(.ctors)
 *crtbegin.o(.dtors)
 *crtbegin?.o(.dtors)
 *(EXCLUDE_FILE(*crtend.o *crtend?.o) .dtors)
 *(SORT_BY_NAME(.dtors.*))
 *(.dtors)
 *(.rodata*)
 .rodata.g_APinDescription
                0x00000000000046e0      0x360 /home/alex/GitHub/efm32-arduino-core/example/core/variant.cpp.o
                0x00000000000046e0                g_APinDescription
 .rodata._ZTV4Uart
                0x0000000000004a40       0x34 /home/alex/GitHub/efm32-arduino-core/example/../../../../../tmp/arduino-core-cache/core_arduino_samd_mkr1000_dc483d40169dc536bb17e0212c5d8bd2.a(Uart.cpp.o)
                0x0000000000004a40                vtable for Uart
 .rodata._ZTV26DoubleBufferedEPOutHandler
                0x0000000000004a74       0x24 /home/alex/GitHub/efm32-arduino-core/example/../../../../../tmp/arduino-core-cache/core_arduino_samd_mkr1000_dc483d40169dc536bb17e0212c5d8bd2.a(USBCore.cpp.o)
                0x0000000000004a74                vtable for DoubleBufferedEPOutHandler
 .rodata._ZL14STRING_PRODUCT
                0x0000000000004a98       0x10 /home/alex/GitHub/efm32-arduino-core/example/../../../../../tmp/arduino-core-cache/core_arduino_samd_mkr1000_dc483d40169dc536bb17e0212c5d8bd2.a(USBCore.cpp.o)
 .rodata._ZL15STRING_LANGUAGE
                0x0000000000004aa8        0x4 /home/alex/GitHub/efm32-arduino-core/example/../../../../../tmp/arduino-core-cache/core_arduino_samd_mkr1000_dc483d40169dc536bb17e0212c5d8bd2.a(USBCore.cpp.o)
 .rodata._ZL19STRING_MANUFACTURER
                0x0000000000004aac        0xc /home/alex/GitHub/efm32-arduino-core/example/../../../../../tmp/arduino-core-cache/core_arduino_samd_mkr1000_dc483d40169dc536bb17e0212c5d8bd2.a(USBCore.cpp.o)
 .rodata._ZL21USB_DeviceDescriptorB
                0x0000000000004ab8       0x12 /home/alex/GitHub/efm32-arduino-core/example/../../../../../tmp/arduino-core-cache/core_arduino_samd_mkr1000_dc483d40169dc536bb17e0212c5d8bd2.a(USBCore.cpp.o)
 *fill*         0x0000000000004aca        0x2 
 .rodata._ZTV7Serial_
                0x0000000000004acc       0x58 /home/alex/GitHub/efm32-arduino-core/example/../../../../../tmp/arduino-core-cache/core_arduino_samd_mkr1000_dc483d40169dc536bb17e0212c5d8bd2.a(CDC.cpp.o)
                0x0000000000004acc                vtable for Serial_
 *(.eh_frame*)
 .eh_frame      0x0000000000004b24        0x0 /home/alex/.arduino15/packages/arduino/tools/arm-none-eabi-gcc/7-2017q4/bin/../lib/gcc/arm-none-eabi/7.2.1/thumb/v6-m/crtbegin.o
 .eh_frame      0x0000000000004b24        0x4 /home/alex/.arduino15/packages/arduino/tools/arm-none-eabi-gcc/7-2017q4/bin/../lib/gcc/arm-none-eabi/7.2.1/thumb/v6-m/crtend.o

.glue_7         0x0000000000004b28        0x0
 .glue_7        0x0000000000004b28        0x0 linker stubs

.glue_7t        0x0000000000004b28        0x0
 .glue_7t       0x0000000000004b28        0x0 linker stubs

.vfp11_veneer   0x0000000000004b28        0x0
 .vfp11_veneer  0x0000000000004b28        0x0 linker stubs

.v4_bx          0x0000000000004b28        0x0
 .v4_bx         0x0000000000004b28        0x0 linker stubs

.iplt           0x0000000000004b28        0x0
 .iplt          0x0000000000004b28        0x0 /home/alex/.arduino15/packages/arduino/tools/arm-none-eabi-gcc/7-2017q4/bin/../lib/gcc/arm-none-eabi/7.2.1/thumb/v6-m/crtbegin.o

.rel.dyn        0x0000000000004b28        0x0
 .rel.iplt      0x0000000000004b28        0x0 /home/alex/.arduino15/packages/arduino/tools/arm-none-eabi-gcc/7-2017q4/bin/../lib/gcc/arm-none-eabi/7.2.1/thumb/v6-m/crtbegin.o

.ARM.extab
 *(.ARM.extab* .gnu.linkonce.armextab.*)
                0x0000000000004b28                __exidx_start = .

.ARM.exidx
 *(.ARM.exidx* .gnu.linkonce.armexidx.*)
                0x0000000000004b28                __exidx_end = .
                0x0000000000004b28                __etext = .

.data           0x0000000020000000       0x90 load address 0x0000000000004b28
                0x0000000020000000                __data_start__ = .
 *(vtable)
 *(.data*)
 .data.SystemCoreClock
                0x0000000020000000        0x4 /home/alex/GitHub/efm32-arduino-core/example/../../../../../tmp/arduino-core-cache/core_arduino_samd_mkr1000_dc483d40169dc536bb17e0212c5d8bd2.a(wiring.c.o)
                0x0000000020000000                SystemCoreClock
 .data._ZL5ticks
                0x0000000020000004        0x4 /home/alex/GitHub/efm32-arduino-core/example/../../../../../tmp/arduino-core-cache/core_arduino_samd_mkr1000_dc483d40169dc536bb17e0212c5d8bd2.a(Reset.cpp.o)
 .data._ZL10breakValue
                0x0000000020000008        0x4 /home/alex/GitHub/efm32-arduino-core/example/../../../../../tmp/arduino-core-cache/core_arduino_samd_mkr1000_dc483d40169dc536bb17e0212c5d8bd2.a(CDC.cpp.o)
 .data._ZL12_usbLineInfo
                0x000000002000000c        0x8 /home/alex/GitHub/efm32-arduino-core/example/../../../../../tmp/arduino-core-cache/core_arduino_samd_mkr1000_dc483d40169dc536bb17e0212c5d8bd2.a(CDC.cpp.o)
 .data._serialPeek
                0x0000000020000014        0x4 /home/alex/GitHub/efm32-arduino-core/example/../../../../../tmp/arduino-core-cache/core_arduino_samd_mkr1000_dc483d40169dc536bb17e0212c5d8bd2.a(CDC.cpp.o)
                0x0000000020000014                _serialPeek
 .data._impure_ptr
                0x0000000020000018        0x4 /home/alex/.arduino15/packages/arduino/tools/arm-none-eabi-gcc/7-2017q4/bin/../lib/gcc/arm-none-eabi/7.2.1/../../../../arm-none-eabi/lib/thumb/v6-m/libc_nano.a(lib_a-impure.o)
                0x0000000020000018                _impure_ptr
 .data.impure_data
                0x000000002000001c       0x60 /home/alex/.arduino15/packages/arduino/tools/arm-none-eabi-gcc/7-2017q4/bin/../lib/gcc/arm-none-eabi/7.2.1/../../../../arm-none-eabi/lib/thumb/v6-m/libc_nano.a(lib_a-impure.o)
                0x000000002000007c                . = ALIGN (0x4)
                0x000000002000007c                PROVIDE (__preinit_array_start, .)
 *(.preinit_array)
                0x000000002000007c                PROVIDE (__preinit_array_end, .)
                0x000000002000007c                . = ALIGN (0x4)
                0x000000002000007c                PROVIDE (__init_array_start, .)
 *(SORT_BY_NAME(.init_array.*))
 *(.init_array)
 .init_array    0x000000002000007c        0x4 /home/alex/.arduino15/packages/arduino/tools/arm-none-eabi-gcc/7-2017q4/bin/../lib/gcc/arm-none-eabi/7.2.1/thumb/v6-m/crtbegin.o
 .init_array    0x0000000020000080        0x4 /home/alex/GitHub/efm32-arduino-core/example/core/variant.cpp.o
 .init_array    0x0000000020000084        0x4 /home/alex/GitHub/efm32-arduino-core/example/../../../../../tmp/arduino-core-cache/core_arduino_samd_mkr1000_dc483d40169dc536bb17e0212c5d8bd2.a(USBCore.cpp.o)
 .init_array    0x0000000020000088        0x4 /home/alex/GitHub/efm32-arduino-core/example/../../../../../tmp/arduino-core-cache/core_arduino_samd_mkr1000_dc483d40169dc536bb17e0212c5d8bd2.a(CDC.cpp.o)
                0x000000002000008c                PROVIDE (__init_array_end, .)
                0x000000002000008c                . = ALIGN (0x4)
                [!provide]                        PROVIDE (__fini_array_start, .)
 *(SORT_BY_NAME(.fini_array.*))
 *(.fini_array)
 .fini_array    0x000000002000008c        0x4 /home/alex/.arduino15/packages/arduino/tools/arm-none-eabi-gcc/7-2017q4/bin/../lib/gcc/arm-none-eabi/7.2.1/thumb/v6-m/crtbegin.o
                [!provide]                        PROVIDE (__fini_array_end, .)
 *(.jcr*)
                0x0000000020000090                . = ALIGN (0x10)
                0x0000000020000090                __data_end__ = .

.igot.plt       0x0000000020000090        0x0 load address 0x0000000000004bb8
 .igot.plt      0x0000000020000090        0x0 /home/alex/.arduino15/packages/arduino/tools/arm-none-eabi-gcc/7-2017q4/bin/../lib/gcc/arm-none-eabi/7.2.1/thumb/v6-m/crtbegin.o

.bss            0x0000000020000090      0x8ac load address 0x0000000000004bb8
                0x0000000020000090                . = ALIGN (0x4)
                0x0000000020000090                __bss_start__ = .
 *(.bss*)
 .bss           0x0000000020000090       0x1c /home/alex/.arduino15/packages/arduino/tools/arm-none-eabi-gcc/7-2017q4/bin/../lib/gcc/arm-none-eabi/7.2.1/thumb/v6-m/crtbegin.o
 .bss.Serial1   0x00000000200000ac      0x23c /home/alex/GitHub/efm32-arduino-core/example/core/variant.cpp.o
                0x00000000200000ac                Serial1
 .bss.sercom0   0x00000000200002e8        0x4 /home/alex/GitHub/efm32-arduino-core/example/core/variant.cpp.o
                0x00000000200002e8                sercom0
 .bss.sercom1   0x00000000200002ec        0x4 /home/alex/GitHub/efm32-arduino-core/example/core/variant.cpp.o
                0x00000000200002ec                sercom1
 .bss.sercom2   0x00000000200002f0        0x4 /home/alex/GitHub/efm32-arduino-core/example/core/variant.cpp.o
                0x00000000200002f0                sercom2
 .bss.sercom3   0x00000000200002f4        0x4 /home/alex/GitHub/efm32-arduino-core/example/core/variant.cpp.o
                0x00000000200002f4                sercom3
 .bss.sercom4   0x00000000200002f8        0x4 /home/alex/GitHub/efm32-arduino-core/example/core/variant.cpp.o
                0x00000000200002f8                sercom4
 .bss.sercom5   0x00000000200002fc        0x4 /home/alex/GitHub/efm32-arduino-core/example/core/variant.cpp.o
                0x00000000200002fc                sercom5
 .bss.usb_isr   0x0000000020000300        0x4 /home/alex/GitHub/efm32-arduino-core/example/../../../../../tmp/arduino-core-cache/core_arduino_samd_mkr1000_dc483d40169dc536bb17e0212c5d8bd2.a(cortex_handlers.c.o)
 .bss._ulTickCount
                0x0000000020000304        0x4 /home/alex/GitHub/efm32-arduino-core/example/../../../../../tmp/arduino-core-cache/core_arduino_samd_mkr1000_dc483d40169dc536bb17e0212c5d8bd2.a(delay.c.o)
 .bss.EndPoints
                0x0000000020000308       0x28 /home/alex/GitHub/efm32-arduino-core/example/../../../../../tmp/arduino-core-cache/core_arduino_samd_mkr1000_dc483d40169dc536bb17e0212c5d8bd2.a(USBCore.cpp.o)
                0x0000000020000308                EndPoints
 .bss.USBDevice
                0x0000000020000330        0x1 /home/alex/GitHub/efm32-arduino-core/example/../../../../../tmp/arduino-core-cache/core_arduino_samd_mkr1000_dc483d40169dc536bb17e0212c5d8bd2.a(USBCore.cpp.o)
                0x0000000020000330                USBDevice
 *fill*         0x0000000020000331        0x3 
 .bss._ZL10epHandlers
                0x0000000020000334       0x1c /home/alex/GitHub/efm32-arduino-core/example/../../../../../tmp/arduino-core-cache/core_arduino_samd_mkr1000_dc483d40169dc536bb17e0212c5d8bd2.a(USBCore.cpp.o)
 .bss._ZL14isEndpointHalt
                0x0000000020000350        0x1 /home/alex/GitHub/efm32-arduino-core/example/../../../../../tmp/arduino-core-cache/core_arduino_samd_mkr1000_dc483d40169dc536bb17e0212c5d8bd2.a(USBCore.cpp.o)
 .bss._ZL20LastTransmitTimedOut
                0x0000000020000351        0x7 /home/alex/GitHub/efm32-arduino-core/example/../../../../../tmp/arduino-core-cache/core_arduino_samd_mkr1000_dc483d40169dc536bb17e0212c5d8bd2.a(USBCore.cpp.o)
 .bss._ZL21isRemoteWakeUpEnabled
                0x0000000020000358        0x1 /home/alex/GitHub/efm32-arduino-core/example/../../../../../tmp/arduino-core-cache/core_arduino_samd_mkr1000_dc483d40169dc536bb17e0212c5d8bd2.a(USBCore.cpp.o)
 *fill*         0x0000000020000359        0x3 
 .bss._ZL22udd_ep_in_cache_buffer
                0x000000002000035c      0x1c0 /home/alex/GitHub/efm32-arduino-core/example/../../../../../tmp/arduino-core-cache/core_arduino_samd_mkr1000_dc483d40169dc536bb17e0212c5d8bd2.a(USBCore.cpp.o)
 .bss._ZL23udd_ep_out_cache_buffer
                0x000000002000051c      0x1c0 /home/alex/GitHub/efm32-arduino-core/example/../../../../../tmp/arduino-core-cache/core_arduino_samd_mkr1000_dc483d40169dc536bb17e0212c5d8bd2.a(USBCore.cpp.o)
 .bss._dry_run  0x00000000200006dc        0x1 /home/alex/GitHub/efm32-arduino-core/example/../../../../../tmp/arduino-core-cache/core_arduino_samd_mkr1000_dc483d40169dc536bb17e0212c5d8bd2.a(USBCore.cpp.o)
                0x00000000200006dc                _dry_run
 .bss._pack_buffer
                0x00000000200006dd      0x100 /home/alex/GitHub/efm32-arduino-core/example/../../../../../tmp/arduino-core-cache/core_arduino_samd_mkr1000_dc483d40169dc536bb17e0212c5d8bd2.a(USBCore.cpp.o)
                0x00000000200006dd                _pack_buffer
 .bss._pack_message
                0x00000000200007dd        0x1 /home/alex/GitHub/efm32-arduino-core/example/../../../../../tmp/arduino-core-cache/core_arduino_samd_mkr1000_dc483d40169dc536bb17e0212c5d8bd2.a(USBCore.cpp.o)
                0x00000000200007dd                _pack_message
 .bss._pack_size
                0x00000000200007de        0x2 /home/alex/GitHub/efm32-arduino-core/example/../../../../../tmp/arduino-core-cache/core_arduino_samd_mkr1000_dc483d40169dc536bb17e0212c5d8bd2.a(USBCore.cpp.o)
                0x00000000200007de                _pack_size
 .bss._usbConfiguration
                0x00000000200007e0        0x4 /home/alex/GitHub/efm32-arduino-core/example/../../../../../tmp/arduino-core-cache/core_arduino_samd_mkr1000_dc483d40169dc536bb17e0212c5d8bd2.a(USBCore.cpp.o)
                0x00000000200007e0                _usbConfiguration
 .bss._usbSetInterface
                0x00000000200007e4        0x4 /home/alex/GitHub/efm32-arduino-core/example/../../../../../tmp/arduino-core-cache/core_arduino_samd_mkr1000_dc483d40169dc536bb17e0212c5d8bd2.a(USBCore.cpp.o)
                0x00000000200007e4                _usbSetInterface
 .bss.usbd      0x00000000200007e8      0x104 /home/alex/GitHub/efm32-arduino-core/example/../../../../../tmp/arduino-core-cache/core_arduino_samd_mkr1000_dc483d40169dc536bb17e0212c5d8bd2.a(USBCore.cpp.o)
                0x00000000200007e8                usbd
 .bss.SerialUSB
                0x00000000200008ec       0x34 /home/alex/GitHub/efm32-arduino-core/example/../../../../../tmp/arduino-core-cache/core_arduino_samd_mkr1000_dc483d40169dc536bb17e0212c5d8bd2.a(CDC.cpp.o)
                0x00000000200008ec                SerialUSB
 .bss._ZGVZ12PluggableUSBvE3obj
                0x0000000020000920        0x4 /home/alex/GitHub/efm32-arduino-core/example/../../../../../tmp/arduino-core-cache/core_arduino_samd_mkr1000_dc483d40169dc536bb17e0212c5d8bd2.a(PluggableUSB.cpp.o)
 .bss._ZZ12PluggableUSBvE3obj
                0x0000000020000924        0x8 /home/alex/GitHub/efm32-arduino-core/example/../../../../../tmp/arduino-core-cache/core_arduino_samd_mkr1000_dc483d40169dc536bb17e0212c5d8bd2.a(PluggableUSB.cpp.o)
 .bss.__malloc_free_list
                0x000000002000092c        0x4 /home/alex/.arduino15/packages/arduino/tools/arm-none-eabi-gcc/7-2017q4/bin/../lib/gcc/arm-none-eabi/7.2.1/../../../../arm-none-eabi/lib/thumb/v6-m/libc_nano.a(lib_a-nano-mallocr.o)
                0x000000002000092c                __malloc_free_list
 .bss.__malloc_sbrk_start
                0x0000000020000930        0x4 /home/alex/.arduino15/packages/arduino/tools/arm-none-eabi-gcc/7-2017q4/bin/../lib/gcc/arm-none-eabi/7.2.1/../../../../arm-none-eabi/lib/thumb/v6-m/libc_nano.a(lib_a-nano-mallocr.o)
                0x0000000020000930                __malloc_sbrk_start
 .bss.heap_end.4102
                0x0000000020000934        0x4 /home/alex/.arduino15/packages/arduino/tools/arm-none-eabi-gcc/7-2017q4/bin/../lib/gcc/arm-none-eabi/7.2.1/../../../../arm-none-eabi/lib/thumb/v6-m/libnosys.a(sbrk.o)
 *(COMMON)
 COMMON         0x0000000020000938        0x4 /home/alex/.arduino15/packages/arduino/tools/arm-none-eabi-gcc/7-2017q4/bin/../lib/gcc/arm-none-eabi/7.2.1/../../../../arm-none-eabi/lib/thumb/v6-m/libc_nano.a(lib_a-reent.o)
                0x0000000020000938                errno
                0x000000002000093c                . = ALIGN (0x4)
                0x000000002000093c                __bss_end__ = .

.heap           0x000000002000093c        0x0
                0x000000002000093c                __end__ = .
                0x000000002000093c                PROVIDE (end, .)
 *(.heap*)
                0x000000002000093c                __HeapLimit = .

.stack_dummy    0x000000002000093c        0x0
 *(.stack*)
                0x0000000020008000                __StackTop = (ORIGIN (RAM) + LENGTH (RAM))
                0x0000000020008000                __StackLimit = (__StackTop - SIZEOF (.stack_dummy))
                0x0000000020008000                PROVIDE (__stack, __StackTop)
                0x0000000020007fff                __ram_end__ = ((ORIGIN (RAM) + LENGTH (RAM)) - 0x1)
                0x0000000000000001                ASSERT ((__StackLimit >= __HeapLimit), region RAM overflowed with stack)
OUTPUT(/home/alex/GitHub/efm32-arduino-core/example/example.ino.elf elf32-littlearm)

.ARM.attributes
                0x0000000000000000       0x28
 .ARM.attributes
                0x0000000000000000       0x1e /home/alex/.arduino15/packages/arduino/tools/arm-none-eabi-gcc/7-2017q4/bin/../lib/gcc/arm-none-eabi/7.2.1/thumb/v6-m/crti.o
 .ARM.attributes
                0x000000000000001e       0x2c /home/alex/.arduino15/packages/arduino/tools/arm-none-eabi-gcc/7-2017q4/bin/../lib/gcc/arm-none-eabi/7.2.1/thumb/v6-m/crtbegin.o
 .ARM.attributes
                0x000000000000004a       0x32 /home/alex/GitHub/efm32-arduino-core/example/sketch/example.ino.cpp.o
 .ARM.attributes
                0x000000000000007c       0x32 /home/alex/GitHub/efm32-arduino-core/example/core/variant.cpp.o
 .ARM.attributes
                0x00000000000000ae       0x32 /home/alex/GitHub/efm32-arduino-core/example/../../../../../tmp/arduino-core-cache/core_arduino_samd_mkr1000_dc483d40169dc536bb17e0212c5d8bd2.a(cortex_handlers.c.o)
 .ARM.attributes
                0x00000000000000e0       0x32 /home/alex/GitHub/efm32-arduino-core/example/../../../../../tmp/arduino-core-cache/core_arduino_samd_mkr1000_dc483d40169dc536bb17e0212c5d8bd2.a(delay.c.o)
 .ARM.attributes
                0x0000000000000112       0x32 /home/alex/GitHub/efm32-arduino-core/example/../../../../../tmp/arduino-core-cache/core_arduino_samd_mkr1000_dc483d40169dc536bb17e0212c5d8bd2.a(hooks.c.o)
 .ARM.attributes
                0x0000000000000144       0x32 /home/alex/GitHub/efm32-arduino-core/example/../../../../../tmp/arduino-core-cache/core_arduino_samd_mkr1000_dc483d40169dc536bb17e0212c5d8bd2.a(startup.c.o)
 .ARM.attributes
                0x0000000000000176       0x32 /home/alex/GitHub/efm32-arduino-core/example/../../../../../tmp/arduino-core-cache/core_arduino_samd_mkr1000_dc483d40169dc536bb17e0212c5d8bd2.a(wiring.c.o)
 .ARM.attributes
                0x00000000000001a8       0x32 /home/alex/GitHub/efm32-arduino-core/example/../../../../../tmp/arduino-core-cache/core_arduino_samd_mkr1000_dc483d40169dc536bb17e0212c5d8bd2.a(wiring_analog.c.o)
 .ARM.attributes
                0x00000000000001da       0x32 /home/alex/GitHub/efm32-arduino-core/example/../../../../../tmp/arduino-core-cache/core_arduino_samd_mkr1000_dc483d40169dc536bb17e0212c5d8bd2.a(wiring_digital.c.o)
 .ARM.attributes
                0x000000000000020c       0x32 /home/alex/GitHub/efm32-arduino-core/example/../../../../../tmp/arduino-core-cache/core_arduino_samd_mkr1000_dc483d40169dc536bb17e0212c5d8bd2.a(wiring_private.c.o)
 .ARM.attributes
                0x000000000000023e       0x32 /home/alex/GitHub/efm32-arduino-core/example/../../../../../tmp/arduino-core-cache/core_arduino_samd_mkr1000_dc483d40169dc536bb17e0212c5d8bd2.a(Reset.cpp.o)
 .ARM.attributes
                0x0000000000000270       0x32 /home/alex/GitHub/efm32-arduino-core/example/../../../../../tmp/arduino-core-cache/core_arduino_samd_mkr1000_dc483d40169dc536bb17e0212c5d8bd2.a(SERCOM.cpp.o)
 .ARM.attributes
                0x00000000000002a2       0x32 /home/alex/GitHub/efm32-arduino-core/example/../../../../../tmp/arduino-core-cache/core_arduino_samd_mkr1000_dc483d40169dc536bb17e0212c5d8bd2.a(Uart.cpp.o)
 .ARM.attributes
                0x00000000000002d4       0x32 /home/alex/GitHub/efm32-arduino-core/example/../../../../../tmp/arduino-core-cache/core_arduino_samd_mkr1000_dc483d40169dc536bb17e0212c5d8bd2.a(main.cpp.o)
 .ARM.attributes
                0x0000000000000306       0x32 /home/alex/GitHub/efm32-arduino-core/example/../../../../../tmp/arduino-core-cache/core_arduino_samd_mkr1000_dc483d40169dc536bb17e0212c5d8bd2.a(Print.cpp.o)
 .ARM.attributes
                0x0000000000000338       0x32 /home/alex/GitHub/efm32-arduino-core/example/../../../../../tmp/arduino-core-cache/core_arduino_samd_mkr1000_dc483d40169dc536bb17e0212c5d8bd2.a(USBCore.cpp.o)
 .ARM.attributes
                0x000000000000036a       0x32 /home/alex/GitHub/efm32-arduino-core/example/../../../../../tmp/arduino-core-cache/core_arduino_samd_mkr1000_dc483d40169dc536bb17e0212c5d8bd2.a(new.cpp.o)
 .ARM.attributes
                0x000000000000039c       0x32 /home/alex/GitHub/efm32-arduino-core/example/../../../../../tmp/arduino-core-cache/core_arduino_samd_mkr1000_dc483d40169dc536bb17e0212c5d8bd2.a(CDC.cpp.o)
 .ARM.attributes
                0x00000000000003ce       0x32 /home/alex/GitHub/efm32-arduino-core/example/../../../../../tmp/arduino-core-cache/core_arduino_samd_mkr1000_dc483d40169dc536bb17e0212c5d8bd2.a(PluggableUSB.cpp.o)
 .ARM.attributes
                0x0000000000000400       0x1e /home/alex/.arduino15/packages/arduino/tools/arm-none-eabi-gcc/7-2017q4/bin/../lib/gcc/arm-none-eabi/7.2.1/thumb/v6-m/libgcc.a(_thumb1_case_uqi.o)
 .ARM.attributes
                0x000000000000041e       0x1e /home/alex/.arduino15/packages/arduino/tools/arm-none-eabi-gcc/7-2017q4/bin/../lib/gcc/arm-none-eabi/7.2.1/thumb/v6-m/libgcc.a(_udivsi3.o)
 .ARM.attributes
                0x000000000000043c       0x1e /home/alex/.arduino15/packages/arduino/tools/arm-none-eabi-gcc/7-2017q4/bin/../lib/gcc/arm-none-eabi/7.2.1/thumb/v6-m/libgcc.a(_dvmd_tls.o)
 .ARM.attributes
                0x000000000000045a       0x2c /home/alex/.arduino15/packages/arduino/tools/arm-none-eabi-gcc/7-2017q4/bin/../lib/gcc/arm-none-eabi/7.2.1/../../../../arm-none-eabi/lib/thumb/v6-m/libc_nano.a(lib_a-impure.o)
 .ARM.attributes
                0x0000000000000486       0x2c /home/alex/.arduino15/packages/arduino/tools/arm-none-eabi-gcc/7-2017q4/bin/../lib/gcc/arm-none-eabi/7.2.1/../../../../arm-none-eabi/lib/thumb/v6-m/libc_nano.a(lib_a-init.o)
 .ARM.attributes
                0x00000000000004b2       0x2c /home/alex/.arduino15/packages/arduino/tools/arm-none-eabi-gcc/7-2017q4/bin/../lib/gcc/arm-none-eabi/7.2.1/../../../../arm-none-eabi/lib/thumb/v6-m/libc_nano.a(lib_a-malloc.o)
 .ARM.attributes
                0x00000000000004de       0x2c /home/alex/.arduino15/packages/arduino/tools/arm-none-eabi-gcc/7-2017q4/bin/../lib/gcc/arm-none-eabi/7.2.1/../../../../arm-none-eabi/lib/thumb/v6-m/libc_nano.a(lib_a-memcpy-stub.o)
 .ARM.attributes
                0x000000000000050a       0x2c /home/alex/.arduino15/packages/arduino/tools/arm-none-eabi-gcc/7-2017q4/bin/../lib/gcc/arm-none-eabi/7.2.1/../../../../arm-none-eabi/lib/thumb/v6-m/libc_nano.a(lib_a-memset.o)
 .ARM.attributes
                0x0000000000000536       0x2c /home/alex/.arduino15/packages/arduino/tools/arm-none-eabi-gcc/7-2017q4/bin/../lib/gcc/arm-none-eabi/7.2.1/../../../../arm-none-eabi/lib/thumb/v6-m/libc_nano.a(lib_a-nano-freer.o)
 .ARM.attributes
                0x0000000000000562       0x2c /home/alex/.arduino15/packages/arduino/tools/arm-none-eabi-gcc/7-2017q4/bin/../lib/gcc/arm-none-eabi/7.2.1/../../../../arm-none-eabi/lib/thumb/v6-m/libc_nano.a(lib_a-nano-mallocr.o)
 .ARM.attributes
                0x000000000000058e       0x2c /home/alex/.arduino15/packages/arduino/tools/arm-none-eabi-gcc/7-2017q4/bin/../lib/gcc/arm-none-eabi/7.2.1/../../../../arm-none-eabi/lib/thumb/v6-m/libc_nano.a(lib_a-sbrkr.o)
 .ARM.attributes
                0x00000000000005ba       0x1c /home/alex/.arduino15/packages/arduino/tools/arm-none-eabi-gcc/7-2017q4/bin/../lib/gcc/arm-none-eabi/7.2.1/../../../../arm-none-eabi/lib/thumb/v6-m/libc_nano.a(lib_a-strlen.o)
 .ARM.attributes
                0x00000000000005d6       0x2c /home/alex/.arduino15/packages/arduino/tools/arm-none-eabi-gcc/7-2017q4/bin/../lib/gcc/arm-none-eabi/7.2.1/../../../../arm-none-eabi/lib/thumb/v6-m/libc_nano.a(lib_a-mlock.o)
 .ARM.attributes
                0x0000000000000602       0x2c /home/alex/.arduino15/packages/arduino/tools/arm-none-eabi-gcc/7-2017q4/bin/../lib/gcc/arm-none-eabi/7.2.1/../../../../arm-none-eabi/lib/thumb/v6-m/libc_nano.a(lib_a-reent.o)
 .ARM.attributes
                0x000000000000062e       0x2c /home/alex/.arduino15/packages/arduino/tools/arm-none-eabi-gcc/7-2017q4/bin/../lib/gcc/arm-none-eabi/7.2.1/../../../../arm-none-eabi/lib/thumb/v6-m/libnosys.a(sbrk.o)
 .ARM.attributes
                0x000000000000065a       0x2c /home/alex/.arduino15/packages/arduino/tools/arm-none-eabi-gcc/7-2017q4/bin/../lib/gcc/arm-none-eabi/7.2.1/thumb/v6-m/crtend.o
 .ARM.attributes
                0x0000000000000686       0x1e /home/alex/.arduino15/packages/arduino/tools/arm-none-eabi-gcc/7-2017q4/bin/../lib/gcc/arm-none-eabi/7.2.1/thumb/v6-m/crtn.o

.comment        0x0000000000000000       0x7e
 .comment       0x0000000000000000       0x7e /home/alex/GitHub/efm32-arduino-core/example/sketch/example.ino.cpp.o
                                         0x7f (size before relaxing)
 .comment       0x000000000000007e       0x7f /home/alex/GitHub/efm32-arduino-core/example/core/variant.cpp.o
 .comment       0x000000000000007e       0x7f /home/alex/GitHub/efm32-arduino-core/example/../../../../../tmp/arduino-core-cache/core_arduino_samd_mkr1000_dc483d40169dc536bb17e0212c5d8bd2.a(cortex_handlers.c.o)
 .comment       0x000000000000007e       0x7f /home/alex/GitHub/efm32-arduino-core/example/../../../../../tmp/arduino-core-cache/core_arduino_samd_mkr1000_dc483d40169dc536bb17e0212c5d8bd2.a(delay.c.o)
 .comment       0x000000000000007e       0x7f /home/alex/GitHub/efm32-arduino-core/example/../../../../../tmp/arduino-core-cache/core_arduino_samd_mkr1000_dc483d40169dc536bb17e0212c5d8bd2.a(hooks.c.o)
 .comment       0x000000000000007e       0x7f /home/alex/GitHub/efm32-arduino-core/example/../../../../../tmp/arduino-core-cache/core_arduino_samd_mkr1000_dc483d40169dc536bb17e0212c5d8bd2.a(startup.c.o)
 .comment       0x000000000000007e       0x7f /home/alex/GitHub/efm32-arduino-core/example/../../../../../tmp/arduino-core-cache/core_arduino_samd_mkr1000_dc483d40169dc536bb17e0212c5d8bd2.a(wiring.c.o)
 .comment       0x000000000000007e       0x7f /home/alex/GitHub/efm32-arduino-core/example/../../../../../tmp/arduino-core-cache/core_arduino_samd_mkr1000_dc483d40169dc536bb17e0212c5d8bd2.a(wiring_analog.c.o)
 .comment       0x000000000000007e       0x7f /home/alex/GitHub/efm32-arduino-core/example/../../../../../tmp/arduino-core-cache/core_arduino_samd_mkr1000_dc483d40169dc536bb17e0212c5d8bd2.a(wiring_digital.c.o)
 .comment       0x000000000000007e       0x7f /home/alex/GitHub/efm32-arduino-core/example/../../../../../tmp/arduino-core-cache/core_arduino_samd_mkr1000_dc483d40169dc536bb17e0212c5d8bd2.a(wiring_private.c.o)
 .comment       0x000000000000007e       0x7f /home/alex/GitHub/efm32-arduino-core/example/../../../../../tmp/arduino-core-cache/core_arduino_samd_mkr1000_dc483d40169dc536bb17e0212c5d8bd2.a(Reset.cpp.o)
 .comment       0x000000000000007e       0x7f /home/alex/GitHub/efm32-arduino-core/example/../../../../../tmp/arduino-core-cache/core_arduino_samd_mkr1000_dc483d40169dc536bb17e0212c5d8bd2.a(SERCOM.cpp.o)
 .comment       0x000000000000007e       0x7f /home/alex/GitHub/efm32-arduino-core/example/../../../../../tmp/arduino-core-cache/core_arduino_samd_mkr1000_dc483d40169dc536bb17e0212c5d8bd2.a(Uart.cpp.o)
 .comment       0x000000000000007e       0x7f /home/alex/GitHub/efm32-arduino-core/example/../../../../../tmp/arduino-core-cache/core_arduino_samd_mkr1000_dc483d40169dc536bb17e0212c5d8bd2.a(main.cpp.o)
 .comment       0x000000000000007e       0x7f /home/alex/GitHub/efm32-arduino-core/example/../../../../../tmp/arduino-core-cache/core_arduino_samd_mkr1000_dc483d40169dc536bb17e0212c5d8bd2.a(Print.cpp.o)
 .comment       0x000000000000007e       0x7f /home/alex/GitHub/efm32-arduino-core/example/../../../../../tmp/arduino-core-cache/core_arduino_samd_mkr1000_dc483d40169dc536bb17e0212c5d8bd2.a(USBCore.cpp.o)
 .comment       0x000000000000007e       0x7f /home/alex/GitHub/efm32-arduino-core/example/../../../../../tmp/arduino-core-cache/core_arduino_samd_mkr1000_dc483d40169dc536bb17e0212c5d8bd2.a(new.cpp.o)
 .comment       0x000000000000007e       0x7f /home/alex/GitHub/efm32-arduino-core/example/../../../../../tmp/arduino-core-cache/core_arduino_samd_mkr1000_dc483d40169dc536bb17e0212c5d8bd2.a(CDC.cpp.o)
 .comment       0x000000000000007e       0x7f /home/alex/GitHub/efm32-arduino-core/example/../../../../../tmp/arduino-core-cache/core_arduino_samd_mkr1000_dc483d40169dc536bb17e0212c5d8bd2.a(PluggableUSB.cpp.o)

.debug_info     0x0000000000000000    0x51ff3
 .debug_info    0x0000000000000000     0x4a3c /home/alex/GitHub/efm32-arduino-core/example/sketch/example.ino.cpp.o
 .debug_info    0x0000000000004a3c     0x63ba /home/alex/GitHub/efm32-arduino-core/example/core/variant.cpp.o
 .debug_info    0x000000000000adf6     0x1101 /home/alex/GitHub/efm32-arduino-core/example/../../../../../tmp/arduino-core-cache/core_arduino_samd_mkr1000_dc483d40169dc536bb17e0212c5d8bd2.a(cortex_handlers.c.o)
 .debug_info    0x000000000000bef7     0x1395 /home/alex/GitHub/efm32-arduino-core/example/../../../../../tmp/arduino-core-cache/core_arduino_samd_mkr1000_dc483d40169dc536bb17e0212c5d8bd2.a(delay.c.o)
 .debug_info    0x000000000000d28c       0x64 /home/alex/GitHub/efm32-arduino-core/example/../../../../../tmp/arduino-core-cache/core_arduino_samd_mkr1000_dc483d40169dc536bb17e0212c5d8bd2.a(hooks.c.o)
 .debug_info    0x000000000000d2f0     0x34c3 /home/alex/GitHub/efm32-arduino-core/example/../../../../../tmp/arduino-core-cache/core_arduino_samd_mkr1000_dc483d40169dc536bb17e0212c5d8bd2.a(startup.c.o)
 .debug_info    0x00000000000107b3     0x2d6f /home/alex/GitHub/efm32-arduino-core/example/../../../../../tmp/arduino-core-cache/core_arduino_samd_mkr1000_dc483d40169dc536bb17e0212c5d8bd2.a(wiring.c.o)
 .debug_info    0x0000000000013522     0x4efb /home/alex/GitHub/efm32-arduino-core/example/../../../../../tmp/arduino-core-cache/core_arduino_samd_mkr1000_dc483d40169dc536bb17e0212c5d8bd2.a(wiring_analog.c.o)
 .debug_info    0x000000000001841d     0x17ef /home/alex/GitHub/efm32-arduino-core/example/../../../../../tmp/arduino-core-cache/core_arduino_samd_mkr1000_dc483d40169dc536bb17e0212c5d8bd2.a(wiring_digital.c.o)
 .debug_info    0x0000000000019c0c     0x17da /home/alex/GitHub/efm32-arduino-core/example/../../../../../tmp/arduino-core-cache/core_arduino_samd_mkr1000_dc483d40169dc536bb17e0212c5d8bd2.a(wiring_private.c.o)
 .debug_info    0x000000000001b3e6     0x502f /home/alex/GitHub/efm32-arduino-core/example/../../../../../tmp/arduino-core-cache/core_arduino_samd_mkr1000_dc483d40169dc536bb17e0212c5d8bd2.a(Reset.cpp.o)
 .debug_info    0x0000000000020415     0x5f48 /home/alex/GitHub/efm32-arduino-core/example/../../../../../tmp/arduino-core-cache/core_arduino_samd_mkr1000_dc483d40169dc536bb17e0212c5d8bd2.a(SERCOM.cpp.o)
 .debug_info    0x000000000002635d     0x794e /home/alex/GitHub/efm32-arduino-core/example/../../../../../tmp/arduino-core-cache/core_arduino_samd_mkr1000_dc483d40169dc536bb17e0212c5d8bd2.a(Uart.cpp.o)
 .debug_info    0x000000000002dcab     0x4a6d /home/alex/GitHub/efm32-arduino-core/example/../../../../../tmp/arduino-core-cache/core_arduino_samd_mkr1000_dc483d40169dc536bb17e0212c5d8bd2.a(main.cpp.o)
 .debug_info    0x0000000000032718     0x7136 /home/alex/GitHub/efm32-arduino-core/example/../../../../../tmp/arduino-core-cache/core_arduino_samd_mkr1000_dc483d40169dc536bb17e0212c5d8bd2.a(Print.cpp.o)
 .debug_info    0x000000000003984e     0xc541 /home/alex/GitHub/efm32-arduino-core/example/../../../../../tmp/arduino-core-cache/core_arduino_samd_mkr1000_dc483d40169dc536bb17e0212c5d8bd2.a(USBCore.cpp.o)
 .debug_info    0x0000000000045d8f      0xf3b /home/alex/GitHub/efm32-arduino-core/example/../../../../../tmp/arduino-core-cache/core_arduino_samd_mkr1000_dc483d40169dc536bb17e0212c5d8bd2.a(new.cpp.o)
 .debug_info    0x0000000000046cca     0x98a2 /home/alex/GitHub/efm32-arduino-core/example/../../../../../tmp/arduino-core-cache/core_arduino_samd_mkr1000_dc483d40169dc536bb17e0212c5d8bd2.a(CDC.cpp.o)
 .debug_info    0x000000000005056c     0x1a87 /home/alex/GitHub/efm32-arduino-core/example/../../../../../tmp/arduino-core-cache/core_arduino_samd_mkr1000_dc483d40169dc536bb17e0212c5d8bd2.a(PluggableUSB.cpp.o)

.debug_abbrev   0x0000000000000000     0x6344
 .debug_abbrev  0x0000000000000000      0x4f5 /home/alex/GitHub/efm32-arduino-core/example/sketch/example.ino.cpp.o
 .debug_abbrev  0x00000000000004f5      0x51d /home/alex/GitHub/efm32-arduino-core/example/core/variant.cpp.o
 .debug_abbrev  0x0000000000000a12      0x29a /home/alex/GitHub/efm32-arduino-core/example/../../../../../tmp/arduino-core-cache/core_arduino_samd_mkr1000_dc483d40169dc536bb17e0212c5d8bd2.a(cortex_handlers.c.o)
 .debug_abbrev  0x0000000000000cac      0x304 /home/alex/GitHub/efm32-arduino-core/example/../../../../../tmp/arduino-core-cache/core_arduino_samd_mkr1000_dc483d40169dc536bb17e0212c5d8bd2.a(delay.c.o)
 .debug_abbrev  0x0000000000000fb0       0x49 /home/alex/GitHub/efm32-arduino-core/example/../../../../../tmp/arduino-core-cache/core_arduino_samd_mkr1000_dc483d40169dc536bb17e0212c5d8bd2.a(hooks.c.o)
 .debug_abbrev  0x0000000000000ff9      0x2ac /home/alex/GitHub/efm32-arduino-core/example/../../../../../tmp/arduino-core-cache/core_arduino_samd_mkr1000_dc483d40169dc536bb17e0212c5d8bd2.a(startup.c.o)
 .debug_abbrev  0x00000000000012a5      0x3a1 /home/alex/GitHub/efm32-arduino-core/example/../../../../../tmp/arduino-core-cache/core_arduino_samd_mkr1000_dc483d40169dc536bb17e0212c5d8bd2.a(wiring.c.o)
 .debug_abbrev  0x0000000000001646      0x47e /home/alex/GitHub/efm32-arduino-core/example/../../../../../tmp/arduino-core-cache/core_arduino_samd_mkr1000_dc483d40169dc536bb17e0212c5d8bd2.a(wiring_analog.c.o)
 .debug_abbrev  0x0000000000001ac4      0x330 /home/alex/GitHub/efm32-arduino-core/example/../../../../../tmp/arduino-core-cache/core_arduino_samd_mkr1000_dc483d40169dc536bb17e0212c5d8bd2.a(wiring_digital.c.o)
 .debug_abbrev  0x0000000000001df4      0x31c /home/alex/GitHub/efm32-arduino-core/example/../../../../../tmp/arduino-core-cache/core_arduino_samd_mkr1000_dc483d40169dc536bb17e0212c5d8bd2.a(wiring_private.c.o)
 .debug_abbrev  0x0000000000002110      0x5b4 /home/alex/GitHub/efm32-arduino-core/example/../../../../../tmp/arduino-core-cache/core_arduino_samd_mkr1000_dc483d40169dc536bb17e0212c5d8bd2.a(Reset.cpp.o)
 .debug_abbrev  0x00000000000026c4      0x786 /home/alex/GitHub/efm32-arduino-core/example/../../../../../tmp/arduino-core-cache/core_arduino_samd_mkr1000_dc483d40169dc536bb17e0212c5d8bd2.a(SERCOM.cpp.o)
 .debug_abbrev  0x0000000000002e4a      0x8a2 /home/alex/GitHub/efm32-arduino-core/example/../../../../../tmp/arduino-core-cache/core_arduino_samd_mkr1000_dc483d40169dc536bb17e0212c5d8bd2.a(Uart.cpp.o)
 .debug_abbrev  0x00000000000036ec      0x522 /home/alex/GitHub/efm32-arduino-core/example/../../../../../tmp/arduino-core-cache/core_arduino_samd_mkr1000_dc483d40169dc536bb17e0212c5d8bd2.a(main.cpp.o)
 .debug_abbrev  0x0000000000003c0e      0x826 /home/alex/GitHub/efm32-arduino-core/example/../../../../../tmp/arduino-core-cache/core_arduino_samd_mkr1000_dc483d40169dc536bb17e0212c5d8bd2.a(Print.cpp.o)
 .debug_abbrev  0x0000000000004434      0xbff /home/alex/GitHub/efm32-arduino-core/example/../../../../../tmp/arduino-core-cache/core_arduino_samd_mkr1000_dc483d40169dc536bb17e0212c5d8bd2.a(USBCore.cpp.o)
 .debug_abbrev  0x0000000000005033      0x301 /home/alex/GitHub/efm32-arduino-core/example/../../../../../tmp/arduino-core-cache/core_arduino_samd_mkr1000_dc483d40169dc536bb17e0212c5d8bd2.a(new.cpp.o)
 .debug_abbrev  0x0000000000005334      0xac0 /home/alex/GitHub/efm32-arduino-core/example/../../../../../tmp/arduino-core-cache/core_arduino_samd_mkr1000_dc483d40169dc536bb17e0212c5d8bd2.a(CDC.cpp.o)
 .debug_abbrev  0x0000000000005df4      0x550 /home/alex/GitHub/efm32-arduino-core/example/../../../../../tmp/arduino-core-cache/core_arduino_samd_mkr1000_dc483d40169dc536bb17e0212c5d8bd2.a(PluggableUSB.cpp.o)

.debug_aranges  0x0000000000000000      0x900
 .debug_aranges
                0x0000000000000000       0x28 /home/alex/GitHub/efm32-arduino-core/example/sketch/example.ino.cpp.o
 .debug_aranges
                0x0000000000000028       0x30 /home/alex/GitHub/efm32-arduino-core/example/core/variant.cpp.o
 .debug_aranges
                0x0000000000000058       0x40 /home/alex/GitHub/efm32-arduino-core/example/../../../../../tmp/arduino-core-cache/core_arduino_samd_mkr1000_dc483d40169dc536bb17e0212c5d8bd2.a(cortex_handlers.c.o)
 .debug_aranges
                0x0000000000000098       0x40 /home/alex/GitHub/efm32-arduino-core/example/../../../../../tmp/arduino-core-cache/core_arduino_samd_mkr1000_dc483d40169dc536bb17e0212c5d8bd2.a(delay.c.o)
 .debug_aranges
                0x00000000000000d8       0x30 /home/alex/GitHub/efm32-arduino-core/example/../../../../../tmp/arduino-core-cache/core_arduino_samd_mkr1000_dc483d40169dc536bb17e0212c5d8bd2.a(hooks.c.o)
 .debug_aranges
                0x0000000000000108       0x20 /home/alex/GitHub/efm32-arduino-core/example/../../../../../tmp/arduino-core-cache/core_arduino_samd_mkr1000_dc483d40169dc536bb17e0212c5d8bd2.a(startup.c.o)
 .debug_aranges
                0x0000000000000128       0x20 /home/alex/GitHub/efm32-arduino-core/example/../../../../../tmp/arduino-core-cache/core_arduino_samd_mkr1000_dc483d40169dc536bb17e0212c5d8bd2.a(wiring.c.o)
 .debug_aranges
                0x0000000000000148       0x48 /home/alex/GitHub/efm32-arduino-core/example/../../../../../tmp/arduino-core-cache/core_arduino_samd_mkr1000_dc483d40169dc536bb17e0212c5d8bd2.a(wiring_analog.c.o)
 .debug_aranges
                0x0000000000000190       0x30 /home/alex/GitHub/efm32-arduino-core/example/../../../../../tmp/arduino-core-cache/core_arduino_samd_mkr1000_dc483d40169dc536bb17e0212c5d8bd2.a(wiring_digital.c.o)
 .debug_aranges
                0x00000000000001c0       0x20 /home/alex/GitHub/efm32-arduino-core/example/../../../../../tmp/arduino-core-cache/core_arduino_samd_mkr1000_dc483d40169dc536bb17e0212c5d8bd2.a(wiring_private.c.o)
 .debug_aranges
                0x00000000000001e0       0x38 /home/alex/GitHub/efm32-arduino-core/example/../../../../../tmp/arduino-core-cache/core_arduino_samd_mkr1000_dc483d40169dc536bb17e0212c5d8bd2.a(Reset.cpp.o)
 .debug_aranges
                0x0000000000000218      0x1f0 /home/alex/GitHub/efm32-arduino-core/example/../../../../../tmp/arduino-core-cache/core_arduino_samd_mkr1000_dc483d40169dc536bb17e0212c5d8bd2.a(SERCOM.cpp.o)
 .debug_aranges
                0x0000000000000408       0xb0 /home/alex/GitHub/efm32-arduino-core/example/../../../../../tmp/arduino-core-cache/core_arduino_samd_mkr1000_dc483d40169dc536bb17e0212c5d8bd2.a(Uart.cpp.o)
 .debug_aranges
                0x00000000000004b8       0x28 /home/alex/GitHub/efm32-arduino-core/example/../../../../../tmp/arduino-core-cache/core_arduino_samd_mkr1000_dc483d40169dc536bb17e0212c5d8bd2.a(main.cpp.o)
 .debug_aranges
                0x00000000000004e0      0x108 /home/alex/GitHub/efm32-arduino-core/example/../../../../../tmp/arduino-core-cache/core_arduino_samd_mkr1000_dc483d40169dc536bb17e0212c5d8bd2.a(Print.cpp.o)
 .debug_aranges
                0x00000000000005e8      0x178 /home/alex/GitHub/efm32-arduino-core/example/../../../../../tmp/arduino-core-cache/core_arduino_samd_mkr1000_dc483d40169dc536bb17e0212c5d8bd2.a(USBCore.cpp.o)
 .debug_aranges
                0x0000000000000760       0x28 /home/alex/GitHub/efm32-arduino-core/example/../../../../../tmp/arduino-core-cache/core_arduino_samd_mkr1000_dc483d40169dc536bb17e0212c5d8bd2.a(new.cpp.o)
 .debug_aranges
                0x0000000000000788      0x120 /home/alex/GitHub/efm32-arduino-core/example/../../../../../tmp/arduino-core-cache/core_arduino_samd_mkr1000_dc483d40169dc536bb17e0212c5d8bd2.a(CDC.cpp.o)
 .debug_aranges
                0x00000000000008a8       0x58 /home/alex/GitHub/efm32-arduino-core/example/../../../../../tmp/arduino-core-cache/core_arduino_samd_mkr1000_dc483d40169dc536bb17e0212c5d8bd2.a(PluggableUSB.cpp.o)

.debug_ranges   0x0000000000000000     0x12b8
 .debug_ranges  0x0000000000000000       0x18 /home/alex/GitHub/efm32-arduino-core/example/sketch/example.ino.cpp.o
 .debug_ranges  0x0000000000000018       0x20 /home/alex/GitHub/efm32-arduino-core/example/core/variant.cpp.o